../Core/Src/main.c:83:6:SetServoAngle	32	static
../Core/Src/main.c:95:7:ParseFloat	48	static
../Core/Src/main.c:126:6:ParseAngleLine	32	static
../Core/Src/main.c:145:6:HAL_UART_RxCpltCallback	16	static
../Core/Src/main.c:168:5:main	16	static,ignoring_inline_asm
../Core/Src/main.c:243:6:SystemClock_Config	72	static
../Core/Src/main.c:283:13:MX_TIM1_Init	96	static
../Core/Src/main.c:358:13:MX_TIM2_Init	64	static
../Core/Src/main.c:417:13:MX_USART2_UART_Init	8	static
../Core/Src/main.c:450:13:MX_GPIO_Init	16	static
../Core/Src/main.c:473:6:Error_Handler	4	static,ignoring_inline_asm
