../Core/Src/main.c:92:6:PID_Init	24	static
../Core/Src/main.c:106:7:PID_Compute	48	static
../Core/Src/main.c:142:6:SetServoAngle	32	static
../Core/Src/main.c:153:6:ParseErrorLine	24	static
../Core/Src/main.c:166:6:HAL_UART_RxCpltCallback	16	static
../Core/Src/main.c:191:5:main	40	static,ignoring_inline_asm
../Core/Src/main.c:292:6:SystemClock_Config	72	static
../Core/Src/main.c:329:13:MX_TIM1_Init	96	static
../Core/Src/main.c:404:13:MX_TIM2_Init	64	static
../Core/Src/main.c:463:13:MX_USART2_UART_Init	8	static
../Core/Src/main.c:496:13:MX_GPIO_Init	16	static
../Core/Src/main.c:519:6:Error_Handler	4	static,ignoring_inline_asm
