Archive member included to satisfy reference by file (symbol)

D:/Program Files (x86)/STM32CubeIDE_2.1.1/STM32CubeIDE_1.19.0/STM32CubeIDE/plugins/com.st.stm32cube.ide.mcu.externaltools.gnu-tools-for-stm32.13.3.rel1.win32_1.0.0.202411081344/tools/bin/../lib/gcc/arm-none-eabi/13.3.1/../../../../arm-none-eabi/lib/thumb/v7-m/nofp\libc_nano.a(libc_a-exit.o)
                              D:/Program Files (x86)/STM32CubeIDE_2.1.1/STM32CubeIDE_1.19.0/STM32CubeIDE/plugins/com.st.stm32cube.ide.mcu.externaltools.gnu-tools-for-stm32.13.3.rel1.win32_1.0.0.202411081344/tools/bin/../lib/gcc/arm-none-eabi/13.3.1/../../../../arm-none-eabi/lib/thumb/v7-m/nofp/crt0.o (exit)
D:/Program Files (x86)/STM32CubeIDE_2.1.1/STM32CubeIDE_1.19.0/STM32CubeIDE/plugins/com.st.stm32cube.ide.mcu.externaltools.gnu-tools-for-stm32.13.3.rel1.win32_1.0.0.202411081344/tools/bin/../lib/gcc/arm-none-eabi/13.3.1/../../../../arm-none-eabi/lib/thumb/v7-m/nofp\libc_nano.a(libc_a-findfp.o)
                              D:/Program Files (x86)/STM32CubeIDE_2.1.1/STM32CubeIDE_1.19.0/STM32CubeIDE/plugins/com.st.stm32cube.ide.mcu.externaltools.gnu-tools-for-stm32.13.3.rel1.win32_1.0.0.202411081344/tools/bin/../lib/gcc/arm-none-eabi/13.3.1/../../../../arm-none-eabi/lib/thumb/v7-m/nofp\libc_nano.a(libc_a-exit.o) (__stdio_exit_handler)
D:/Program Files (x86)/STM32CubeIDE_2.1.1/STM32CubeIDE_1.19.0/STM32CubeIDE/plugins/com.st.stm32cube.ide.mcu.externaltools.gnu-tools-for-stm32.13.3.rel1.win32_1.0.0.202411081344/tools/bin/../lib/gcc/arm-none-eabi/13.3.1/../../../../arm-none-eabi/lib/thumb/v7-m/nofp\libc_nano.a(libc_a-fwalk.o)
                              D:/Program Files (x86)/STM32CubeIDE_2.1.1/STM32CubeIDE_1.19.0/STM32CubeIDE/plugins/com.st.stm32cube.ide.mcu.externaltools.gnu-tools-for-stm32.13.3.rel1.win32_1.0.0.202411081344/tools/bin/../lib/gcc/arm-none-eabi/13.3.1/../../../../arm-none-eabi/lib/thumb/v7-m/nofp\libc_nano.a(libc_a-findfp.o) (_fwalk_sglue)
D:/Program Files (x86)/STM32CubeIDE_2.1.1/STM32CubeIDE_1.19.0/STM32CubeIDE/plugins/com.st.stm32cube.ide.mcu.externaltools.gnu-tools-for-stm32.13.3.rel1.win32_1.0.0.202411081344/tools/bin/../lib/gcc/arm-none-eabi/13.3.1/../../../../arm-none-eabi/lib/thumb/v7-m/nofp\libc_nano.a(libc_a-sscanf.o)
                              ./Core/Src/main.o (sscanf)
D:/Program Files (x86)/STM32CubeIDE_2.1.1/STM32CubeIDE_1.19.0/STM32CubeIDE/plugins/com.st.stm32cube.ide.mcu.externaltools.gnu-tools-for-stm32.13.3.rel1.win32_1.0.0.202411081344/tools/bin/../lib/gcc/arm-none-eabi/13.3.1/../../../../arm-none-eabi/lib/thumb/v7-m/nofp\libc_nano.a(libc_a-stdio.o)
                              D:/Program Files (x86)/STM32CubeIDE_2.1.1/STM32CubeIDE_1.19.0/STM32CubeIDE/plugins/com.st.stm32cube.ide.mcu.externaltools.gnu-tools-for-stm32.13.3.rel1.win32_1.0.0.202411081344/tools/bin/../lib/gcc/arm-none-eabi/13.3.1/../../../../arm-none-eabi/lib/thumb/v7-m/nofp\libc_nano.a(libc_a-findfp.o) (__sread)
D:/Program Files (x86)/STM32CubeIDE_2.1.1/STM32CubeIDE_1.19.0/STM32CubeIDE/plugins/com.st.stm32cube.ide.mcu.externaltools.gnu-tools-for-stm32.13.3.rel1.win32_1.0.0.202411081344/tools/bin/../lib/gcc/arm-none-eabi/13.3.1/../../../../arm-none-eabi/lib/thumb/v7-m/nofp\libc_nano.a(libc_a-memset.o)
                              D:/Program Files (x86)/STM32CubeIDE_2.1.1/STM32CubeIDE_1.19.0/STM32CubeIDE/plugins/com.st.stm32cube.ide.mcu.externaltools.gnu-tools-for-stm32.13.3.rel1.win32_1.0.0.202411081344/tools/bin/../lib/gcc/arm-none-eabi/13.3.1/../../../../arm-none-eabi/lib/thumb/v7-m/nofp/crt0.o (memset)
D:/Program Files (x86)/STM32CubeIDE_2.1.1/STM32CubeIDE_1.19.0/STM32CubeIDE/plugins/com.st.stm32cube.ide.mcu.externaltools.gnu-tools-for-stm32.13.3.rel1.win32_1.0.0.202411081344/tools/bin/../lib/gcc/arm-none-eabi/13.3.1/../../../../arm-none-eabi/lib/thumb/v7-m/nofp\libc_nano.a(libc_a-closer.o)
                              D:/Program Files (x86)/STM32CubeIDE_2.1.1/STM32CubeIDE_1.19.0/STM32CubeIDE/plugins/com.st.stm32cube.ide.mcu.externaltools.gnu-tools-for-stm32.13.3.rel1.win32_1.0.0.202411081344/tools/bin/../lib/gcc/arm-none-eabi/13.3.1/../../../../arm-none-eabi/lib/thumb/v7-m/nofp\libc_nano.a(libc_a-stdio.o) (_close_r)
D:/Program Files (x86)/STM32CubeIDE_2.1.1/STM32CubeIDE_1.19.0/STM32CubeIDE/plugins/com.st.stm32cube.ide.mcu.externaltools.gnu-tools-for-stm32.13.3.rel1.win32_1.0.0.202411081344/tools/bin/../lib/gcc/arm-none-eabi/13.3.1/../../../../arm-none-eabi/lib/thumb/v7-m/nofp\libc_nano.a(libc_a-reent.o)
                              D:/Program Files (x86)/STM32CubeIDE_2.1.1/STM32CubeIDE_1.19.0/STM32CubeIDE/plugins/com.st.stm32cube.ide.mcu.externaltools.gnu-tools-for-stm32.13.3.rel1.win32_1.0.0.202411081344/tools/bin/../lib/gcc/arm-none-eabi/13.3.1/../../../../arm-none-eabi/lib/thumb/v7-m/nofp\libc_nano.a(libc_a-closer.o) (errno)
[...]
Memory Configuration

Name             Origin             Length             Attributes
RAM              0x20000000         0x00005000         xrw
FLASH            0x08000000         0x00010000         xr
*default*        0x00000000         0xffffffff

Linker script and memory map

LOAD D:/Program Files (x86)/STM32CubeIDE_2.1.1/STM32CubeIDE_1.19.0/STM32CubeIDE/plugins/com.st.stm32cube.ide.mcu.externaltools.gnu-tools-for-stm32.13.3.rel1.win32_1.0.0.202411081344/tools/bin/../lib/gcc/arm-none-eabi/13.3.1/thumb/v7-m/nofp/crti.o
LOAD D:/Program Files (x86)/STM32CubeIDE_2.1.1/STM32CubeIDE_1.19.0/STM32CubeIDE/plugins/com.st.stm32cube.ide.mcu.externaltools.gnu-tools-for-stm32.13.3.rel1.win32_1.0.0.202411081344/tools/bin/../lib/gcc/arm-none-eabi/13.3.1/thumb/v7-m/nofp/crtbegin.o
LOAD D:/Program Files (x86)/STM32CubeIDE_2.1.1/STM32CubeIDE_1.19.0/STM32CubeIDE/plugins/com.st.stm32cube.ide.mcu.externaltools.gnu-tools-for-stm32.13.3.rel1.win32_1.0.0.202411081344/tools/bin/../lib/gcc/arm-none-eabi/13.3.1/../../../../arm-none-eabi/lib/thumb/v7-m/nofp/crt0.o
LOAD ./Core/Src/main.o
LOAD ./Core/Src/stm32f1xx_hal_msp.o
LOAD ./Core/Src/stm32f1xx_it.o
LOAD ./Core/Src/syscalls.o
LOAD ./Core/Src/sysmem.o
LOAD ./Core/Src/system_stm32f1xx.o
LOAD ./Core/Startup/startup_stm32f103c8tx.o
LOAD ./Drivers/STM32F1xx_HAL_Driver/Src/stm32f1xx_hal.o
LOAD ./Drivers/STM32F1xx_HAL_Driver/Src/stm32f1xx_hal_cortex.o
LOAD ./Drivers/STM32F1xx_HAL_Driver/Src/stm32f1xx_hal_dma.o
LOAD ./Drivers/STM32F1xx_HAL_Driver/Src/stm32f1xx_hal_exti.o
LOAD ./Drivers/STM32F1xx_HAL_Driver/Src/stm32f1xx_hal_flash.o
LOAD ./Drivers/STM32F1xx_HAL_Driver/Src/stm32f1xx_hal_flash_ex.o
LOAD ./Drivers/STM32F1xx_HAL_Driver/Src/stm32f1xx_hal_gpio.o
LOAD ./Drivers/STM32F1xx_HAL_Driver/Src/stm32f1xx_hal_gpio_ex.o
LOAD ./Drivers/STM32F1xx_HAL_Driver/Src/stm32f1xx_hal_pwr.o
LOAD ./Drivers/STM32F1xx_HAL_Driver/Src/stm32f1xx_hal_rcc.o
LOAD ./Drivers/STM32F1xx_HAL_Driver/Src/stm32f1xx_hal_rcc_ex.o
LOAD ./Drivers/STM32F1xx_HAL_Driver/Src/stm32f1xx_hal_tim.o
LOAD ./Drivers/STM32F1xx_HAL_Driver/Src/stm32f1xx_hal_tim_ex.o
LOAD ./Drivers/STM32F1xx_HAL_Driver/Src/stm32f1xx_hal_uart.o
START GROUP
LOAD D:/Program Files (x86)/STM32CubeIDE_2.1.1/STM32CubeIDE_1.19.0/STM32CubeIDE/plugins/com.st.stm32cube.ide.mcu.externaltools.gnu-tools-for-stm32.13.3.rel1.win32_1.0.0.202411081344/tools/bin/../lib/gcc/arm-none-eabi/13.3.1/../../../../arm-none-eabi/lib/thumb/v7-m/nofp\libc_nano.a
LOAD D:/Program Files (x86)/STM32CubeIDE_2.1.1/STM32CubeIDE_1.19.0/STM32CubeIDE/plugins/com.st.stm32cube.ide.mcu.externaltools.gnu-tools-for-stm32.13.3.rel1.win32_1.0.0.202411081344/tools/bin/../lib/gcc/arm-none-eabi/13.3.1/../../../../arm-none-eabi/lib/thumb/v7-m/nofp\libm.a
END GROUP
START GROUP
LOAD D:/Program Files (x86)/STM32CubeIDE_2.1.1/STM32CubeIDE_1.19.0/STM32CubeIDE/plugins/com.st.stm32cube.ide.mcu.externaltools.gnu-tools-for-stm32.13.3.rel1.win32_1.0.0.202411081344/tools/bin/../lib/gcc/arm-none-eabi/13.3.1/thumb/v7-m/nofp\libgcc.a
LOAD D:/Program Files (x86)/STM32CubeIDE_2.1.1/STM32CubeIDE_1.19.0/STM32CubeIDE/plugins/com.st.stm32cube.ide.mcu.externaltools.gnu-tools-for-stm32.13.3.rel1.win32_1.0.0.202411081344/tools/bin/../lib/gcc/arm-none-eabi/13.3.1/../../../../arm-none-eabi/lib/thumb/v7-m/nofp\libc_nano.a
END GROUP
START GROUP
LOAD D:/Program Files (x86)/STM32CubeIDE_2.1.1/STM32CubeIDE_1.19.0/STM32CubeIDE/plugins/com.st.stm32cube.ide.mcu.externaltools.gnu-tools-for-stm32.13.3.rel1.win32_1.0.0.202411081344/tools/bin/../lib/gcc/arm-none-eabi/13.3.1/thumb/v7-m/nofp\libgcc.a
LOAD D:/Program Files (x86)/STM32CubeIDE_2.1.1/STM32CubeIDE_1.19.0/STM32CubeIDE/plugins/com.st.stm32cube.ide.mcu.externaltools.gnu-tools-for-stm32.13.3.rel1.win32_1.0.0.202411081344/tools/bin/../lib/gcc/arm-none-eabi/13.3.1/../../../../arm-none-eabi/lib/thumb/v7-m/nofp\libc_nano.a
LOAD D:/Program Files (x86)/STM32CubeIDE_2.1.1/STM32CubeIDE_1.19.0/STM32CubeIDE/plugins/com.st.stm32cube.ide.mcu.externaltools.gnu-tools-for-stm32.13.3.rel1.win32_1.0.0.202411081344/tools/bin/../lib/gcc/arm-none-eabi/13.3.1/../../../../arm-none-eabi/lib/thumb/v7-m/nofp\libnosys.a
END GROUP
START GROUP
LOAD D:/Program Files (x86)/STM32CubeIDE_2.1.1/STM32CubeIDE_1.19.0/STM32CubeIDE/plugins/com.st.stm32cube.ide.mcu.externaltools.gnu-tools-for-stm32.13.3.rel1.win32_1.0.0.202411081344/tools/bin/../lib/gcc/arm-none-eabi/13.3.1/thumb/v7-m/nofp\libgcc.a
LOAD D:/Program Files (x86)/STM32CubeIDE_2.1.1/STM32CubeIDE_1.19.0/STM32CubeIDE/plugins/com.st.stm32cube.ide.mcu.externaltools.gnu-tools-for-stm32.13.3.rel1.win32_1.0.0.202411081344/tools/bin/../lib/gcc/arm-none-eabi/13.3.1/../../../../arm-none-eabi/lib/thumb/v7-m/nofp\libc_nano.a
LOAD D:/Program Files (x86)/STM32CubeIDE_2.1.1/STM32CubeIDE_1.19.0/STM32CubeIDE/plugins/com.st.stm32cube.ide.mcu.externaltools.gnu-tools-for-stm32.13.3.rel1.win32_1.0.0.202411081344/tools/bin/../lib/gcc/arm-none-eabi/13.3.1/../../../../arm-none-eabi/lib/thumb/v7-m/nofp\libnosys.a
END GROUP
LOAD D:/Program Files (x86)/STM32CubeIDE_2.1.1/STM32CubeIDE_1.19.0/STM32CubeIDE/plugins/com.st.stm32cube.ide.mcu.externaltools.gnu-tools-for-stm32.13.3.rel1.win32_1.0.0.202411081344/tools/bin/../lib/gcc/arm-none-eabi/13.3.1/thumb/v7-m/nofp/crtend.o
LOAD D:/Program Files (x86)/STM32CubeIDE_2.1.1/STM32CubeIDE_1.19.0/STM32CubeIDE/plugins/com.st.stm32cube.ide.mcu.externaltools.gnu-tools-for-stm32.13.3.rel1.win32_1.0.0.202411081344/tools/bin/../lib/gcc/arm-none-eabi/13.3.1/thumb/v7-m/nofp/crtn.o
                0x20005000                        _estack = (ORIGIN (RAM) + LENGTH (RAM))
                0x00000200                        _Min_Heap_Size = 0x200
                0x00000400                        _Min_Stack_Size = 0x400

.isr_vector     0x08000000      0x10c
                0x08000000                        . = ALIGN (0x4)
 *(.isr_vector)
 .isr_vector    0x08000000      0x10c ./Core/Startup/startup_stm32f103c8tx.o
                0x08000000                g_pfnVectors
                0x0800010c                        . = ALIGN (0x4)

.text           0x0800010c     0x4564
                0x0800010c                        . = ALIGN (0x4)
 *(.text)
 .text          0x0800010c       0x40 D:/Program Files (x86)/STM32CubeIDE_2.1.1/STM32CubeIDE_1.19.0/STM32CubeIDE/plugins/com.st.stm32cube.ide.mcu.externaltools.gnu-tools-for-stm32.13.3.rel1.win32_1.0.0.202411081344/tools/bin/../lib/gcc/arm-none-eabi/13.3.1/thumb/v7-m/nofp/crtbegin.o
 .text          0x0800014c       0x10 D:/Program Files (x86)/STM32CubeIDE_2.1.1/STM32CubeIDE_1.19.0/STM32CubeIDE/plugins/com.st.stm32cube.ide.mcu.externaltools.gnu-tools-for-stm32.13.3.rel1.win32_1.0.0.202411081344/tools/bin/../lib/gcc/arm-none-eabi/13.3.1/../../../../arm-none-eabi/lib/thumb/v7-m/nofp\libc_nano.a(libc_a-strlen.o)
                0x0800014c                strlen
 .text          0x0800015c      0x21c D:/Program Files (x86)/STM32CubeIDE_2.1.1/STM32CubeIDE_1.19.0/STM32CubeIDE/plugins/com.st.stm32cube.ide.mcu.externaltools.gnu-tools-for-stm32.13.3.rel1.win32_1.0.0.202411081344/tools/bin/../lib/gcc/arm-none-eabi/13.3.1/thumb/v7-m/nofp\libgcc.a(_arm_addsubsf3.o)
                0x0800015c                __aeabi_frsub
                0x08000164                __subsf3
                0x08000164                __aeabi_fsub
                0x08000168                __aeabi_fadd
                0x08000168                __addsf3
                0x080002c8                __aeabi_ui2f
                0x080002c8                __floatunsisf
                0x080002d0                __aeabi_i2f
                0x080002d0                __floatsisf
                0x080002ec                __aeabi_ul2f
                0x080002ec                __floatundisf
                0x080002fc                __aeabi_l2f
                0x080002fc                __floatdisf
 .text          0x08000378      0x2a0 D:/Program Files (x86)/STM32CubeIDE_2.1.1/STM32CubeIDE_1.19.0/STM32CubeIDE/plugins/com.st.stm32cube.ide.mcu.externaltools.gnu-tools-for-stm32.13.3.rel1.win32_1.0.0.202411081344/tools/bin/../lib/gcc/arm-none-eabi/13.3.1/thumb/v7-m/nofp\libgcc.a(_arm_muldivsf3.o)
                0x08000378                __mulsf3
                0x08000378                __aeabi_fmul
                0x080004e0                __aeabi_fdiv
                0x080004e0                __divsf3
 .text          0x08000618       0xec D:/Program Files (x86)/STM32CubeIDE_2.1.1/STM32CubeIDE_1.19.0/STM32CubeIDE/plugins/com.st.stm32cube.ide.mcu.externaltools.gnu-tools-for-stm32.13.3.rel1.win32_1.0.0.202411081344/tools/bin/../lib/gcc/arm-none-eabi/13.3.1/thumb/v7-m/nofp\libgcc.a(_arm_cmpsf2.o)
                0x08000618                __gesf2
                0x08000618                __gtsf2
                0x08000620                __lesf2
                0x08000620                __ltsf2
                0x08000628                __nesf2
                0x08000628                __eqsf2
                0x08000628                __cmpsf2
                0x08000688                __aeabi_cfrcmple
                0x08000690                __aeabi_cfcmpeq
                0x08000690                __aeabi_cfcmple
                0x080006a0                __aeabi_fcmpeq
                0x080006b4                __aeabi_fcmplt
                0x080006c8                __aeabi_fcmple
                0x080006dc                __aeabi_fcmpge
                0x080006f0                __aeabi_fcmpgt
 .text          0x08000704       0x40 D:/Program Files (x86)/STM32CubeIDE_2.1.1/STM32CubeIDE_1.19.0/STM32CubeIDE/plugins/com.st.stm32cube.ide.mcu.externaltools.gnu-tools-for-stm32.13.3.rel1.win32_1.0.0.202411081344/tools/bin/../lib/gcc/arm-none-eabi/13.3.1/thumb/v7-m/nofp\libgcc.a(_arm_fixunssfsi.o)
                0x08000704                __fixunssfsi
                0x08000704                __aeabi_f2uiz
 *(.text*)
 .text.PID_Init
                0x08000744       0x50 ./Core/Src/main.o
                0x08000744                PID_Init
 .text.PID_Compute
                0x08000794      0x118 ./Core/Src/main.o
                0x08000794                PID_Compute
 .text.SetServoAngle
                0x080008ac       0xa8 ./Core/Src/main.o
                0x080008ac                SetServoAngle
 .text.ParseErrorLine
                0x08000954       0x54 ./Core/Src/main.o
                0x08000954                ParseErrorLine
 .text.HAL_UART_RxCpltCallback
                0x080009a8       0x80 ./Core/Src/main.o
                0x080009a8                HAL_UART_RxCpltCallback
 .text.main     0x08000a28      0x21c ./Core/Src/main.o
                0x08000a28                main
 .text.SystemClock_Config
                0x08000c44       0x76 ./Core/Src/main.o
                0x08000c44                SystemClock_Config
 *fill*         0x08000cba        0x2 
 .text.MX_TIM1_Init
                0x08000cbc      0x144 ./Core/Src/main.o
 .text.MX_TIM2_Init
                0x08000e00       0xec ./Core/Src/main.o
 .text.MX_USART2_UART_Init
                0x08000eec       0x54 ./Core/Src/main.o
 .text.MX_GPIO_Init
                0x08000f40       0x44 ./Core/Src/main.o
 .text.Error_Handler
                0x08000f84        0xc ./Core/Src/main.o
                0x08000f84                Error_Handler
 .text.HAL_MspInit
                0x08000f90       0x64 ./Core/Src/stm32f1xx_hal_msp.o
                0x08000f90                HAL_MspInit
 .text.HAL_TIM_Base_MspInit
                0x08000ff4       0x60 ./Core/Src/stm32f1xx_hal_msp.o
                0x08000ff4                HAL_TIM_Base_MspInit
 .text.HAL_TIM_MspPostInit
                0x08001054       0xa4 ./Core/Src/stm32f1xx_hal_msp.o
                0x08001054                HAL_TIM_MspPostInit
 .text.HAL_UART_MspInit
                0x080010f8       0xa4 ./Core/Src/stm32f1xx_hal_msp.o
                0x080010f8                HAL_UART_MspInit
 .text.NMI_Handler
                0x0800119c        0x8 ./Core/Src/stm32f1xx_it.o
                0x0800119c                NMI_Handler
 .text.HardFault_Handler
                0x080011a4        0x8 ./Core/Src/stm32f1xx_it.o
                0x080011a4                HardFault_Handler
 .text.MemManage_Handler
                0x080011ac        0x8 ./Core/Src/stm32f1xx_it.o
                0x080011ac                MemManage_Handler
 .text.BusFault_Handler
                0x080011b4        0x8 ./Core/Src/stm32f1xx_it.o
                0x080011b4                BusFault_Handler
 .text.UsageFault_Handler
                0x080011bc        0x8 ./Core/Src/stm32f1xx_it.o
                0x080011bc                UsageFault_Handler
 .text.SVC_Handler
                0x080011c4        0xc ./Core/Src/stm32f1xx_it.o
                0x080011c4                SVC_Handler
 .text.DebugMon_Handler
                0x080011d0        0xc ./Core/Src/stm32f1xx_it.o
                0x080011d0                DebugMon_Handler
 .text.PendSV_Handler
                0x080011dc        0xc ./Core/Src/stm32f1xx_it.o
                0x080011dc                PendSV_Handler
 .text.SysTick_Handler
                0x080011e8        0xc ./Core/Src/stm32f1xx_it.o
                0x080011e8                SysTick_Handler
 .text.USART2_IRQHandler
                0x080011f4       0x14 ./Core/Src/stm32f1xx_it.o
                0x080011f4                USART2_IRQHandler
 .text._sbrk    0x08001208       0x6c ./Core/Src/sysmem.o
                0x08001208                _sbrk
 .text.SystemInit
                0x08001274        0xc ./Core/Src/system_stm32f1xx.o
                0x08001274                SystemInit
 .text.Reset_Handler
                0x08001280       0x48 ./Core/Startup/startup_stm32f103c8tx.o
                0x08001280                Reset_Handler
 .text.Default_Handler
                0x080012c8        0x2 ./Core/Startup/startup_stm32f103c8tx.o
                0x080012c8                RTC_Alarm_IRQHandler
                0x080012c8                EXTI2_IRQHandler
                0x080012c8                TIM1_CC_IRQHandler
                0x080012c8                PVD_IRQHandler
                0x080012c8                EXTI3_IRQHandler
                0x080012c8                EXTI0_IRQHandler
                0x080012c8                I2C2_EV_IRQHandler
                0x080012c8                ADC1_2_IRQHandler
                0x080012c8                SPI1_IRQHandler
                0x080012c8                TAMPER_IRQHandler
                0x080012c8                DMA1_Channel4_IRQHandler
                0x080012c8                USART3_IRQHandler
                0x080012c8                RTC_IRQHandler
                0x080012c8                DMA1_Channel7_IRQHandler
                0x080012c8                CAN1_RX1_IRQHandler
                0x080012c8                TIM4_IRQHandler
                0x080012c8                I2C1_EV_IRQHandler
                0x080012c8                DMA1_Channel6_IRQHandler
                0x080012c8                TIM3_IRQHandler
                0x080012c8                RCC_IRQHandler
                0x080012c8                TIM1_TRG_COM_IRQHandler
                0x080012c8                DMA1_Channel1_IRQHandler
                0x080012c8                Default_Handler
                0x080012c8                EXTI15_10_IRQHandler
                0x080012c8                EXTI9_5_IRQHandler
                0x080012c8                SPI2_IRQHandler
                0x080012c8                DMA1_Channel5_IRQHandler
                0x080012c8                EXTI4_IRQHandler
                0x080012c8                USB_LP_CAN1_RX0_IRQHandler
                0x080012c8                USB_HP_CAN1_TX_IRQHandler
                0x080012c8                DMA1_Channel3_IRQHandler
                0x080012c8                TIM1_UP_IRQHandler
                0x080012c8                WWDG_IRQHandler
                0x080012c8                TIM2_IRQHandler
                0x080012c8                TIM1_BRK_IRQHandler
                0x080012c8                EXTI1_IRQHandler
                0x080012c8                I2C2_ER_IRQHandler
                0x080012c8                DMA1_Channel2_IRQHandler
                0x080012c8                CAN1_SCE_IRQHandler
                0x080012c8                FLASH_IRQHandler
                0x080012c8                USART1_IRQHandler
                0x080012c8                I2C1_ER_IRQHandler
                0x080012c8                USBWakeUp_IRQHandler
 *fill*         0x080012ca        0x2 
 .text.HAL_Init
                0x080012cc       0x2c ./Drivers/STM32F1xx_HAL_Driver/Src/stm32f1xx_hal.o
                0x080012cc                HAL_Init
 .text.HAL_InitTick
                0x080012f8       0x60 ./Drivers/STM32F1xx_HAL_Driver/Src/stm32f1xx_hal.o
                0x080012f8                HAL_InitTick
 .text.HAL_IncTick
                0x08001358       0x24 ./Drivers/STM32F1xx_HAL_Driver/Src/stm32f1xx_hal.o
                0x08001358                HAL_IncTick
 .text.HAL_GetTick
                0x0800137c       0x14 ./Drivers/STM32F1xx_HAL_Driver/Src/stm32f1xx_hal.o
                0x0800137c                HAL_GetTick
 .text.HAL_Delay
                0x08001390       0x48 ./Drivers/STM32F1xx_HAL_Driver/Src/stm32f1xx_hal.o
                0x08001390                HAL_Delay
 .text.__NVIC_SetPriorityGrouping
                0x080013d8       0x48 ./Drivers/STM32F1xx_HAL_Driver/Src/stm32f1xx_hal_cortex.o
 .text.__NVIC_GetPriorityGrouping
                0x08001420       0x1c ./Drivers/STM32F1xx_HAL_Driver/Src/stm32f1xx_hal_cortex.o
 .text.__NVIC_EnableIRQ
                0x0800143c       0x38 ./Drivers/STM32F1xx_HAL_Driver/Src/stm32f1xx_hal_cortex.o
 .text.__NVIC_SetPriority
                0x08001474       0x54 ./Drivers/STM32F1xx_HAL_Driver/Src/stm32f1xx_hal_cortex.o
 .text.NVIC_EncodePriority
                0x080014c8       0x64 ./Drivers/STM32F1xx_HAL_Driver/Src/stm32f1xx_hal_cortex.o
 .text.SysTick_Config
                0x0800152c       0x44 ./Drivers/STM32F1xx_HAL_Driver/Src/stm32f1xx_hal_cortex.o
 .text.HAL_NVIC_SetPriorityGrouping
                0x08001570       0x16 ./Drivers/STM32F1xx_HAL_Driver/Src/stm32f1xx_hal_cortex.o
                0x08001570                HAL_NVIC_SetPriorityGrouping
 .text.HAL_NVIC_SetPriority
                0x08001586       0x38 ./Drivers/STM32F1xx_HAL_Driver/Src/stm32f1xx_hal_cortex.o
                0x08001586                HAL_NVIC_SetPriority
 .text.HAL_NVIC_EnableIRQ
                0x080015be       0x1c ./Drivers/STM32F1xx_HAL_Driver/Src/stm32f1xx_hal_cortex.o
                0x080015be                HAL_NVIC_EnableIRQ
 .text.HAL_SYSTICK_Config
                0x080015da       0x18 ./Drivers/STM32F1xx_HAL_Driver/Src/stm32f1xx_hal_cortex.o
                0x080015da                HAL_SYSTICK_Config
 .text.HAL_DMA_Abort
                0x080015f2       0x76 ./Drivers/STM32F1xx_HAL_Driver/Src/stm32f1xx_hal_dma.o
                0x080015f2                HAL_DMA_Abort
 .text.HAL_DMA_Abort_IT
                0x08001668       0xf0 ./Drivers/STM32F1xx_HAL_Driver/Src/stm32f1xx_hal_dma.o
                0x08001668                HAL_DMA_Abort_IT
 .text.HAL_GPIO_Init
                0x08001758      0x308 ./Drivers/STM32F1xx_HAL_Driver/Src/stm32f1xx_hal_gpio.o
                0x08001758                HAL_GPIO_Init
 .text.HAL_RCC_OscConfig
                0x08001a60      0x504 ./Drivers/STM32F1xx_HAL_Driver/Src/stm32f1xx_hal_rcc.o
                0x08001a60                HAL_RCC_OscConfig
 .text.HAL_RCC_ClockConfig
                0x08001f64      0x1d4 ./Drivers/STM32F1xx_HAL_Driver/Src/stm32f1xx_hal_rcc.o
                0x08001f64                HAL_RCC_ClockConfig
 .text.HAL_RCC_GetSysClockFreq
                0x08002138       0xa8 ./Drivers/STM32F1xx_HAL_Driver/Src/stm32f1xx_hal_rcc.o
                0x08002138                HAL_RCC_GetSysClockFreq
 .text.HAL_RCC_GetHCLKFreq
                0x080021e0       0x14 ./Drivers/STM32F1xx_HAL_Driver/Src/stm32f1xx_hal_rcc.o
                0x080021e0                HAL_RCC_GetHCLKFreq
 .text.HAL_RCC_GetPCLK1Freq
                0x080021f4       0x28 ./Drivers/STM32F1xx_HAL_Driver/Src/stm32f1xx_hal_rcc.o
                0x080021f4                HAL_RCC_GetPCLK1Freq
 .text.HAL_RCC_GetPCLK2Freq
                0x0800221c       0x28 ./Drivers/STM32F1xx_HAL_Driver/Src/stm32f1xx_hal_rcc.o
                0x0800221c                HAL_RCC_GetPCLK2Freq
 .text.RCC_Delay
                0x08002244       0x3c ./Drivers/STM32F1xx_HAL_Driver/Src/stm32f1xx_hal_rcc.o
 .text.HAL_TIM_Base_Init
                0x08002280       0x9e ./Drivers/STM32F1xx_HAL_Driver/Src/stm32f1xx_hal_tim.o
                0x08002280                HAL_TIM_Base_Init
 .text.HAL_TIM_PWM_Init
                0x0800231e       0x9e ./Drivers/STM32F1xx_HAL_Driver/Src/stm32f1xx_hal_tim.o
                0x0800231e                HAL_TIM_PWM_Init
 .text.HAL_TIM_PWM_MspInit
                0x080023bc       0x12 ./Drivers/STM32F1xx_HAL_Driver/Src/stm32f1xx_hal_tim.o
                0x080023bc                HAL_TIM_PWM_MspInit
 *fill*         0x080023ce        0x2 
 .text.HAL_TIM_PWM_Start
                0x080023d0      0x144 ./Drivers/STM32F1xx_HAL_Driver/Src/stm32f1xx_hal_tim.o
                0x080023d0                HAL_TIM_PWM_Start
 .text.HAL_TIM_PWM_ConfigChannel
                0x08002514      0x184 ./Drivers/STM32F1xx_HAL_Driver/Src/stm32f1xx_hal_tim.o
                0x08002514                HAL_TIM_PWM_ConfigChannel
 .text.HAL_TIM_ConfigClockSource
                0x08002698      0x18e ./Drivers/STM32F1xx_HAL_Driver/Src/stm32f1xx_hal_tim.o
                0x08002698                HAL_TIM_ConfigClockSource
 *fill*         0x08002826        0x2 
 .text.TIM_Base_SetConfig
                0x08002828       0xdc ./Drivers/STM32F1xx_HAL_Driver/Src/stm32f1xx_hal_tim.o
                0x08002828                TIM_Base_SetConfig
 .text.TIM_OC1_SetConfig
                0x08002904       0xcc ./Drivers/STM32F1xx_HAL_Driver/Src/stm32f1xx_hal_tim.o
 .text.TIM_OC2_SetConfig
                0x080029d0       0xd4 ./Drivers/STM32F1xx_HAL_Driver/Src/stm32f1xx_hal_tim.o
                0x080029d0                TIM_OC2_SetConfig
 .text.TIM_OC3_SetConfig
                0x08002aa4       0xd4 ./Drivers/STM32F1xx_HAL_Driver/Src/stm32f1xx_hal_tim.o
 .text.TIM_OC4_SetConfig
                0x08002b78       0x9c ./Drivers/STM32F1xx_HAL_Driver/Src/stm32f1xx_hal_tim.o
 .text.TIM_TI1_ConfigInputStage
                0x08002c14       0x5c ./Drivers/STM32F1xx_HAL_Driver/Src/stm32f1xx_hal_tim.o
 .text.TIM_TI2_ConfigInputStage
                0x08002c70       0x5e ./Drivers/STM32F1xx_HAL_Driver/Src/stm32f1xx_hal_tim.o
 .text.TIM_ITRx_SetConfig
                0x08002cce       0x34 ./Drivers/STM32F1xx_HAL_Driver/Src/stm32f1xx_hal_tim.o
 .text.TIM_ETR_SetConfig
                0x08002d02       0x3e ./Drivers/STM32F1xx_HAL_Driver/Src/stm32f1xx_hal_tim.o
                0x08002d02                TIM_ETR_SetConfig
 .text.TIM_CCxChannelCmd
                0x08002d40       0x48 ./Drivers/STM32F1xx_HAL_Driver/Src/stm32f1xx_hal_tim.o
                0x08002d40                TIM_CCxChannelCmd
 .text.HAL_TIMEx_MasterConfigSynchronization
                0x08002d88       0xbc ./Drivers/STM32F1xx_HAL_Driver/Src/stm32f1xx_hal_tim_ex.o
                0x08002d88                HAL_TIMEx_MasterConfigSynchronization
 .text.HAL_TIMEx_ConfigBreakDeadTime
                0x08002e44       0xa2 ./Drivers/STM32F1xx_HAL_Driver/Src/stm32f1xx_hal_tim_ex.o
                0x08002e44                HAL_TIMEx_ConfigBreakDeadTime
 .text.HAL_UART_Init
                0x08002ee6       0xa0 ./Drivers/STM32F1xx_HAL_Driver/Src/stm32f1xx_hal_uart.o
                0x08002ee6                HAL_UART_Init
 .text.HAL_UART_Receive_IT
                0x08002f86       0x4a ./Drivers/STM32F1xx_HAL_Driver/Src/stm32f1xx_hal_uart.o
                0x08002f86                HAL_UART_Receive_IT
 .text.HAL_UART_IRQHandler
                0x08002fd0      0x524 ./Drivers/STM32F1xx_HAL_Driver/Src/stm32f1xx_hal_uart.o
                0x08002fd0                HAL_UART_IRQHandler
 .text.HAL_UART_TxCpltCallback
                0x080034f4       0x12 ./Drivers/STM32F1xx_HAL_Driver/Src/stm32f1xx_hal_uart.o
                0x080034f4                HAL_UART_TxCpltCallback
 .text.HAL_UART_ErrorCallback
                0x08003506       0x12 ./Drivers/STM32F1xx_HAL_Driver/Src/stm32f1xx_hal_uart.o
                0x08003506                HAL_UART_ErrorCallback
 .text.HAL_UARTEx_RxEventCallback
                0x08003518       0x16 ./Drivers/STM32F1xx_HAL_Driver/Src/stm32f1xx_hal_uart.o
                0x08003518                HAL_UARTEx_RxEventCallback
 .text.UART_Start_Receive_IT
                0x0800352e       0x72 ./Drivers/STM32F1xx_HAL_Driver/Src/stm32f1xx_hal_uart.o
                0x0800352e                UART_Start_Receive_IT
 .text.UART_EndRxTransfer
                0x080035a0       0xc4 ./Drivers/STM32F1xx_HAL_Driver/Src/stm32f1xx_hal_uart.o
 .text.UART_DMAAbortOnError
                0x08003664       0x28 ./Drivers/STM32F1xx_HAL_Driver/Src/stm32f1xx_hal_uart.o
 .text.UART_Transmit_IT
                0x0800368c       0x9e ./Drivers/STM32F1xx_HAL_Driver/Src/stm32f1xx_hal_uart.o
 .text.UART_EndTransmit_IT
                0x0800372a       0x30 ./Drivers/STM32F1xx_HAL_Driver/Src/stm32f1xx_hal_uart.o
 .text.UART_Receive_IT
                0x0800375a      0x17c ./Drivers/STM32F1xx_HAL_Driver/Src/stm32f1xx_hal_uart.o
 *fill*         0x080038d6        0x2 
 .text.UART_SetConfig
                0x080038d8      0x11c ./Drivers/STM32F1xx_HAL_Driver/Src/stm32f1xx_hal_uart.o
 .text.sscanf   0x080039f4       0x58 D:/Program Files (x86)/STM32CubeIDE_2.1.1/STM32CubeIDE_1.19.0/STM32CubeIDE/plugins/com.st.stm32cube.ide.mcu.externaltools.gnu-tools-for-stm32.13.3.rel1.win32_1.0.0.202411081344/tools/bin/../lib/gcc/arm-none-eabi/13.3.1/../../../../arm-none-eabi/lib/thumb/v7-m/nofp\libc_nano.a(libc_a-sscanf.o)
                0x080039f4                siscanf
                0x080039f4                sscanf
 .text.__seofread
                0x08003a4c        0x4 D:/Program Files (x86)/STM32CubeIDE_2.1.1/STM32CubeIDE_1.19.0/STM32CubeIDE/plugins/com.st.stm32cube.ide.mcu.externaltools.gnu-tools-for-stm32.13.3.rel1.win32_1.0.0.202411081344/tools/bin/../lib/gcc/arm-none-eabi/13.3.1/../../../../arm-none-eabi/lib/thumb/v7-m/nofp\libc_nano.a(libc_a-stdio.o)
                0x08003a4c                __seofread
 .text.memset   0x08003a50       0x10 D:/Program Files (x86)/STM32CubeIDE_2.1.1/STM32CubeIDE_1.19.0/STM32CubeIDE/plugins/com.st.stm32cube.ide.mcu.externaltools.gnu-tools-for-stm32.13.3.rel1.win32_1.0.0.202411081344/tools/bin/../lib/gcc/arm-none-eabi/13.3.1/../../../../arm-none-eabi/lib/thumb/v7-m/nofp\libc_nano.a(libc_a-memset.o)
                0x08003a50                memset
 .text.__errno  0x08003a60        0xc D:/Program Files (x86)/STM32CubeIDE_2.1.1/STM32CubeIDE_1.19.0/STM32CubeIDE/plugins/com.st.stm32cube.ide.mcu.externaltools.gnu-tools-for-stm32.13.3.rel1.win32_1.0.0.202411081344/tools/bin/../lib/gcc/arm-none-eabi/13.3.1/../../../../arm-none-eabi/lib/thumb/v7-m/nofp\libc_nano.a(libc_a-errno.o)
                0x08003a60                __errno
 .text.__libc_init_array
                0x08003a6c       0x48 D:/Program Files (x86)/STM32CubeIDE_2.1.1/STM32CubeIDE_1.19.0/STM32CubeIDE/plugins/com.st.stm32cube.ide.mcu.externaltools.gnu-tools-for-stm32.13.3.rel1.win32_1.0.0.202411081344/tools/bin/../lib/gcc/arm-none-eabi/13.3.1/../../../../arm-none-eabi/lib/thumb/v7-m/nofp\libc_nano.a(libc_a-init.o)
                0x08003a6c                __libc_init_array
 .text.__retarget_lock_acquire_recursive
                0x08003ab4        0x2 D:/Program Files (x86)/STM32CubeIDE_2.1.1/STM32CubeIDE_1.19.0/STM32CubeIDE/plugins/com.st.stm32cube.ide.mcu.externaltools.gnu-tools-for-stm32.13.3.rel1.win32_1.0.0.202411081344/tools/bin/../lib/gcc/arm-none-eabi/13.3.1/../../../../arm-none-eabi/lib/thumb/v7-m/nofp\libc_nano.a(libc_a-lock.o)
                0x08003ab4                __retarget_lock_acquire_recursive
 .text.__retarget_lock_release_recursive
                0x08003ab6        0x2 D:/Program Files (x86)/STM32CubeIDE_2.1.1/STM32CubeIDE_1.19.0/STM32CubeIDE/plugins/com.st.stm32cube.ide.mcu.externaltools.gnu-tools-for-stm32.13.3.rel1.win32_1.0.0.202411081344/tools/bin/../lib/gcc/arm-none-eabi/13.3.1/../../../../arm-none-eabi/lib/thumb/v7-m/nofp\libc_nano.a(libc_a-lock.o)
                0x08003ab6                __retarget_lock_release_recursive
 .text._free_r  0x08003ab8       0x90 D:/Program Files (x86)/STM32CubeIDE_2.1.1/STM32CubeIDE_1.19.0/STM32CubeIDE/plugins/com.st.stm32cube.ide.mcu.externaltools.gnu-tools-for-stm32.13.3.rel1.win32_1.0.0.202411081344/tools/bin/../lib/gcc/arm-none-eabi/13.3.1/../../../../arm-none-eabi/lib/thumb/v7-m/nofp\libc_nano.a(libc_a-freer.o)
                0x08003ab8                _free_r
 .text.sbrk_aligned
                0x08003b48       0x44 D:/Program Files (x86)/STM32CubeIDE_2.1.1/STM32CubeIDE_1.19.0/STM32CubeIDE/plugins/com.st.stm32cube.ide.mcu.externaltools.gnu-tools-for-stm32.13.3.rel1.win32_1.0.0.202411081344/tools/bin/../lib/gcc/arm-none-eabi/13.3.1/../../../../arm-none-eabi/lib/thumb/v7-m/nofp\libc_nano.a(libc_a-mallocr.o)
 .text._malloc_r
                0x08003b8c      0x100 D:/Program Files (x86)/STM32CubeIDE_2.1.1/STM32CubeIDE_1.19.0/STM32CubeIDE/plugins/com.st.stm32cube.ide.mcu.externaltools.gnu-tools-for-stm32.13.3.rel1.win32_1.0.0.202411081344/tools/bin/../lib/gcc/arm-none-eabi/13.3.1/../../../../arm-none-eabi/lib/thumb/v7-m/nofp\libc_nano.a(libc_a-mallocr.o)
                0x08003b8c                _malloc_r
 .text.__malloc_lock
                0x08003c8c        0xc D:/Program Files (x86)/STM32CubeIDE_2.1.1/STM32CubeIDE_1.19.0/STM32CubeIDE/plugins/com.st.stm32cube.ide.mcu.externaltools.gnu-tools-for-stm32.13.3.rel1.win32_1.0.0.202411081344/tools/bin/../lib/gcc/arm-none-eabi/13.3.1/../../../../arm-none-eabi/lib/thumb/v7-m/nofp\libc_nano.a(libc_a-mlock.o)
                0x08003c8c                __malloc_lock
 .text.__malloc_unlock
                0x08003c98        0xc D:/Program Files (x86)/STM32CubeIDE_2.1.1/STM32CubeIDE_1.19.0/STM32CubeIDE/plugins/com.st.stm32cube.ide.mcu.externaltools.gnu-tools-for-stm32.13.3.rel1.win32_1.0.0.202411081344/tools/bin/../lib/gcc/arm-none-eabi/13.3.1/../../../../arm-none-eabi/lib/thumb/v7-m/nofp\libc_nano.a(libc_a-mlock.o)
                0x08003c98                __malloc_unlock
 .text._sungetc_r
                0x08003ca4       0x7a D:/Program Files (x86)/STM32CubeIDE_2.1.1/STM32CubeIDE_1.19.0/STM32CubeIDE/plugins/com.st.stm32cube.ide.mcu.externaltools.gnu-tools-for-stm32.13.3.rel1.win32_1.0.0.202411081344/tools/bin/../lib/gcc/arm-none-eabi/13.3.1/../../../../arm-none-eabi/lib/thumb/v7-m/nofp\libc_nano.a(libc_a-nano-svfscanf.o)
                0x08003ca4                _sungetc_r
 .text.__ssrefill_r
                0x08003d1e       0x3a D:/Program Files (x86)/STM32CubeIDE_2.1.1/STM32CubeIDE_1.19.0/STM32CubeIDE/plugins/com.st.stm32cube.ide.mcu.externaltools.gnu-tools-for-stm32.13.3.rel1.win32_1.0.0.202411081344/tools/bin/../lib/gcc/arm-none-eabi/13.3.1/../../../../arm-none-eabi/lib/thumb/v7-m/nofp\libc_nano.a(libc_a-nano-svfscanf.o)
                0x08003d1e                __ssrefill_r
 .text.__ssvfscanf_r
                0x08003d58      0x2e8 D:/Program Files (x86)/STM32CubeIDE_2.1.1/STM32CubeIDE_1.19.0/STM32CubeIDE/plugins/com.st.stm32cube.ide.mcu.externaltools.gnu-tools-for-stm32.13.3.rel1.win32_1.0.0.202411081344/tools/bin/../lib/gcc/arm-none-eabi/13.3.1/../../../../arm-none-eabi/lib/thumb/v7-m/nofp\libc_nano.a(libc_a-nano-svfscanf.o)
                0x08003d58                __ssvfiscanf_r
                0x08003d58                __ssvfscanf_r
 .text._scanf_chars
                0x08004040       0xb4 D:/Program Files (x86)/STM32CubeIDE_2.1.1/STM32CubeIDE_1.19.0/STM32CubeIDE/plugins/com.st.stm32cube.ide.mcu.externaltools.gnu-tools-for-stm32.13.3.rel1.win32_1.0.0.202411081344/tools/bin/../lib/gcc/arm-none-eabi/13.3.1/../../../../arm-none-eabi/lib/thumb/v7-m/nofp\libc_nano.a(libc_a-nano-vfscanf_i.o)
                0x08004040                _scanf_chars
 .text._scanf_i
                0x080040f4      0x1e4 D:/Program Files (x86)/STM32CubeIDE_2.1.1/STM32CubeIDE_1.19.0/STM32CubeIDE/plugins/com.st.stm32cube.ide.mcu.externaltools.gnu-tools-for-stm32.13.3.rel1.win32_1.0.0.202411081344/tools/bin/../lib/gcc/arm-none-eabi/13.3.1/../../../../arm-none-eabi/lib/thumb/v7-m/nofp\libc_nano.a(libc_a-nano-vfscanf_i.o)
                0x080040f4                _scanf_i
 .text.__sccl   0x080042d8       0x72 D:/Program Files (x86)/STM32CubeIDE_2.1.1/STM32CubeIDE_1.19.0/STM32CubeIDE/plugins/com.st.stm32cube.ide.mcu.externaltools.gnu-tools-for-stm32.13.3.rel1.win32_1.0.0.202411081344/tools/bin/../lib/gcc/arm-none-eabi/13.3.1/../../../../arm-none-eabi/lib/thumb/v7-m/nofp\libc_nano.a(libc_a-sccl.o)
                0x080042d8                __sccl
 .text.__submore
                0x0800434a       0x70 D:/Program Files (x86)/STM32CubeIDE_2.1.1/STM32CubeIDE_1.19.0/STM32CubeIDE/plugins/com.st.stm32cube.ide.mcu.externaltools.gnu-tools-for-stm32.13.3.rel1.win32_1.0.0.202411081344/tools/bin/../lib/gcc/arm-none-eabi/13.3.1/../../../../arm-none-eabi/lib/thumb/v7-m/nofp\libc_nano.a(libc_a-ungetc.o)
                0x0800434a                __submore
 *fill*         0x080043ba        0x2 
 .text._sbrk_r  0x080043bc       0x20 D:/Program Files (x86)/STM32CubeIDE_2.1.1/STM32CubeIDE_1.19.0/STM32CubeIDE/plugins/com.st.stm32cube.ide.mcu.externaltools.gnu-tools-for-stm32.13.3.rel1.win32_1.0.0.202411081344/tools/bin/../lib/gcc/arm-none-eabi/13.3.1/../../../../arm-none-eabi/lib/thumb/v7-m/nofp\libc_nano.a(libc_a-sbrkr.o)
                0x080043bc                _sbrk_r
 .text.memchr   0x080043dc       0x1c D:/Program Files (x86)/STM32CubeIDE_2.1.1/STM32CubeIDE_1.19.0/STM32CubeIDE/plugins/com.st.stm32cube.ide.mcu.externaltools.gnu-tools-for-stm32.13.3.rel1.win32_1.0.0.202411081344/tools/bin/../lib/gcc/arm-none-eabi/13.3.1/../../../../arm-none-eabi/lib/thumb/v7-m/nofp\libc_nano.a(libc_a-memchr-stub.o)
                0x080043dc                memchr
 .text.memcpy   0x080043f8       0x1c D:/Program Files (x86)/STM32CubeIDE_2.1.1/STM32CubeIDE_1.19.0/STM32CubeIDE/plugins/com.st.stm32cube.ide.mcu.externaltools.gnu-tools-for-stm32.13.3.rel1.win32_1.0.0.202411081344/tools/bin/../lib/gcc/arm-none-eabi/13.3.1/../../../../arm-none-eabi/lib/thumb/v7-m/nofp\libc_nano.a(libc_a-memcpy-stub.o)
                0x080043f8                memcpy
 .text._realloc_r
                0x08004414       0x5c D:/Program Files (x86)/STM32CubeIDE_2.1.1/STM32CubeIDE_1.19.0/STM32CubeIDE/plugins/com.st.stm32cube.ide.mcu.externaltools.gnu-tools-for-stm32.13.3.rel1.win32_1.0.0.202411081344/tools/bin/../lib/gcc/arm-none-eabi/13.3.1/../../../../arm-none-eabi/lib/thumb/v7-m/nofp\libc_nano.a(libc_a-reallocr.o)
                0x08004414                _realloc_r
 .text._strtol_l.isra.0
                0x08004470       0xf4 D:/Program Files (x86)/STM32CubeIDE_2.1.1/STM32CubeIDE_1.19.0/STM32CubeIDE/plugins/com.st.stm32cube.ide.mcu.externaltools.gnu-tools-for-stm32.13.3.rel1.win32_1.0.0.202411081344/tools/bin/../lib/gcc/arm-none-eabi/13.3.1/../../../../arm-none-eabi/lib/thumb/v7-m/nofp\libc_nano.a(libc_a-strtol.o)
 .text._strtol_r
                0x08004564        0x4 D:/Program Files (x86)/STM32CubeIDE_2.1.1/STM32CubeIDE_1.19.0/STM32CubeIDE/plugins/com.st.stm32cube.ide.mcu.externaltools.gnu-tools-for-stm32.13.3.rel1.win32_1.0.0.202411081344/tools/bin/../lib/gcc/arm-none-eabi/13.3.1/../../../../arm-none-eabi/lib/thumb/v7-m/nofp\libc_nano.a(libc_a-strtol.o)
                0x08004564                _strtol_r
 .text._strtoul_l.isra.0
                0x08004568       0xdc D:/Program Files (x86)/STM32CubeIDE_2.1.1/STM32CubeIDE_1.19.0/STM32CubeIDE/plugins/com.st.stm32cube.ide.mcu.externaltools.gnu-tools-for-stm32.13.3.rel1.win32_1.0.0.202411081344/tools/bin/../lib/gcc/arm-none-eabi/13.3.1/../../../../arm-none-eabi/lib/thumb/v7-m/nofp\libc_nano.a(libc_a-strtoul.o)
 .text._strtoul_r
                0x08004644        0x4 D:/Program Files (x86)/STM32CubeIDE_2.1.1/STM32CubeIDE_1.19.0/STM32CubeIDE/plugins/com.st.stm32cube.ide.mcu.externaltools.gnu-tools-for-stm32.13.3.rel1.win32_1.0.0.202411081344/tools/bin/../lib/gcc/arm-none-eabi/13.3.1/../../../../arm-none-eabi/lib/thumb/v7-m/nofp\libc_nano.a(libc_a-strtoul.o)
                0x08004644                _strtoul_r
 .text._malloc_usable_size_r
                0x08004648       0x10 D:/Program Files (x86)/STM32CubeIDE_2.1.1/STM32CubeIDE_1.19.0/STM32CubeIDE/plugins/com.st.stm32cube.ide.mcu.externaltools.gnu-tools-for-stm32.13.3.rel1.win32_1.0.0.202411081344/tools/bin/../lib/gcc/arm-none-eabi/13.3.1/../../../../arm-none-eabi/lib/thumb/v7-m/nofp\libc_nano.a(libc_a-msizer.o)
                0x08004648                _malloc_usable_size_r
 *(.glue_7)
 .glue_7        0x08004658        0x0 linker stubs
 *(.glue_7t)
 .glue_7t       0x08004658        0x0 linker stubs
 *(.eh_frame)
 .eh_frame      0x08004658        0x0 D:/Program Files (x86)/STM32CubeIDE_2.1.1/STM32CubeIDE_1.19.0/STM32CubeIDE/plugins/com.st.stm32cube.ide.mcu.externaltools.gnu-tools-for-stm32.13.3.rel1.win32_1.0.0.202411081344/tools/bin/../lib/gcc/arm-none-eabi/13.3.1/thumb/v7-m/nofp/crtbegin.o
 *(.init)
 .init          0x08004658        0x4 D:/Program Files (x86)/STM32CubeIDE_2.1.1/STM32CubeIDE_1.19.0/STM32CubeIDE/plugins/com.st.stm32cube.ide.mcu.externaltools.gnu-tools-for-stm32.13.3.rel1.win32_1.0.0.202411081344/tools/bin/../lib/gcc/arm-none-eabi/13.3.1/thumb/v7-m/nofp/crti.o
                0x08004658                _init
 .init          0x0800465c        0x8 D:/Program Files (x86)/STM32CubeIDE_2.1.1/STM32CubeIDE_1.19.0/STM32CubeIDE/plugins/com.st.stm32cube.ide.mcu.externaltools.gnu-tools-for-stm32.13.3.rel1.win32_1.0.0.202411081344/tools/bin/../lib/gcc/arm-none-eabi/13.3.1/thumb/v7-m/nofp/crtn.o
 *(.fini)
 .fini          0x08004664        0x4 D:/Program Files (x86)/STM32CubeIDE_2.1.1/STM32CubeIDE_1.19.0/STM32CubeIDE/plugins/com.st.stm32cube.ide.mcu.externaltools.gnu-tools-for-stm32.13.3.rel1.win32_1.0.0.202411081344/tools/bin/../lib/gcc/arm-none-eabi/13.3.1/thumb/v7-m/nofp/crti.o
                0x08004664                _fini
 .fini          0x08004668        0x8 D:/Program Files (x86)/STM32CubeIDE_2.1.1/STM32CubeIDE_1.19.0/STM32CubeIDE/plugins/com.st.stm32cube.ide.mcu.externaltools.gnu-tools-for-stm32.13.3.rel1.win32_1.0.0.202411081344/tools/bin/../lib/gcc/arm-none-eabi/13.3.1/thumb/v7-m/nofp/crtn.o
                0x08004670                        . = ALIGN (0x4)
                0x08004670                        _etext = .

.vfp11_veneer   0x08004670        0x0
 .vfp11_veneer  0x08004670        0x0 linker stubs

.v4_bx          0x08004670        0x0
 .v4_bx         0x08004670        0x0 linker stubs

.iplt           0x08004670        0x0
 .iplt          0x08004670        0x0 D:/Program Files (x86)/STM32CubeIDE_2.1.1/STM32CubeIDE_1.19.0/STM32CubeIDE/plugins/com.st.stm32cube.ide.mcu.externaltools.gnu-tools-for-stm32.13.3.rel1.win32_1.0.0.202411081344/tools/bin/../lib/gcc/arm-none-eabi/13.3.1/thumb/v7-m/nofp/crtbegin.o

.rodata         0x08004670      0x160
                0x08004670                        . = ALIGN (0x4)
 *(.rodata)
 .rodata        0x08004670        0x6 ./Core/Src/main.o
 *fill*         0x08004676        0x2 
 .rodata        0x08004678        0xc D:/Program Files (x86)/STM32CubeIDE_2.1.1/STM32CubeIDE_1.19.0/STM32CubeIDE/plugins/com.st.stm32cube.ide.mcu.externaltools.gnu-tools-for-stm32.13.3.rel1.win32_1.0.0.202411081344/tools/bin/../lib/gcc/arm-none-eabi/13.3.1/../../../../arm-none-eabi/lib/thumb/v7-m/nofp\libc_nano.a(libc_a-nano-vfscanf_i.o)
 *(.rodata*)
 .rodata.AHBPrescTable
                0x08004684       0x10 ./Core/Src/system_stm32f1xx.o
                0x08004684                AHBPrescTable
 .rodata.APBPrescTable
                0x08004694        0x8 ./Core/Src/system_stm32f1xx.o
                0x08004694                APBPrescTable
 .rodata.aPLLMULFactorTable.1
                0x0800469c       0x10 ./Drivers/STM32F1xx_HAL_Driver/Src/stm32f1xx_hal_rcc.o
 .rodata.aPredivFactorTable.0
                0x080046ac        0x2 ./Drivers/STM32F1xx_HAL_Driver/Src/stm32f1xx_hal_rcc.o
 .rodata.__ssvfscanf_r.str1.1
                0x080046ae       0x1f D:/Program Files (x86)/STM32CubeIDE_2.1.1/STM32CubeIDE_1.19.0/STM32CubeIDE/plugins/com.st.stm32cube.ide.mcu.externaltools.gnu-tools-for-stm32.13.3.rel1.win32_1.0.0.202411081344/tools/bin/../lib/gcc/arm-none-eabi/13.3.1/../../../../arm-none-eabi/lib/thumb/v7-m/nofp\libc_nano.a(libc_a-nano-svfscanf.o)
                                  0x4 (size before relaxing)
 .rodata._scanf_i.str1.1
                0x080046cd       0x12 D:/Program Files (x86)/STM32CubeIDE_2.1.1/STM32CubeIDE_1.19.0/STM32CubeIDE/plugins/com.st.stm32cube.ide.mcu.externaltools.gnu-tools-for-stm32.13.3.rel1.win32_1.0.0.202411081344/tools/bin/../lib/gcc/arm-none-eabi/13.3.1/../../../../arm-none-eabi/lib/thumb/v7-m/nofp\libc_nano.a(libc_a-nano-vfscanf_i.o)
 .rodata.str1.1
                0x080046cd        0x9 D:/Program Files (x86)/STM32CubeIDE_2.1.1/STM32CubeIDE_1.19.0/STM32CubeIDE/plugins/com.st.stm32cube.ide.mcu.externaltools.gnu-tools-for-stm32.13.3.rel1.win32_1.0.0.202411081344/tools/bin/../lib/gcc/arm-none-eabi/13.3.1/../../../../arm-none-eabi/lib/thumb/v7-m/nofp\libc_nano.a(libc_a-nano-vfscanf_i.o)
 .rodata._ctype_
                0x080046cd      0x101 D:/Program Files (x86)/STM32CubeIDE_2.1.1/STM32CubeIDE_1.19.0/STM32CubeIDE/plugins/com.st.stm32cube.ide.mcu.externaltools.gnu-tools-for-stm32.13.3.rel1.win32_1.0.0.202411081344/tools/bin/../lib/gcc/arm-none-eabi/13.3.1/../../../../arm-none-eabi/lib/thumb/v7-m/nofp\libc_nano.a(libc_a-ctype_.o)
                0x080046cd                _ctype_
                0x080047d0                        . = ALIGN (0x4)
 *fill*         0x080047ce        0x2 

.ARM.extab      0x080047d0        0x0
                0x080047d0                        . = ALIGN (0x4)
 *(.ARM.extab* .gnu.linkonce.armextab.*)
                0x080047d0                        . = ALIGN (0x4)

.ARM            0x080047d0        0x8
                0x080047d0                        . = ALIGN (0x4)
                0x080047d0                        __exidx_start = .
 *(.ARM.exidx*)
 .ARM.exidx     0x080047d0        0x8 D:/Program Files (x86)/STM32CubeIDE_2.1.1/STM32CubeIDE_1.19.0/STM32CubeIDE/plugins/com.st.stm32cube.ide.mcu.externaltools.gnu-tools-for-stm32.13.3.rel1.win32_1.0.0.202411081344/tools/bin/../lib/gcc/arm-none-eabi/13.3.1/../../../../arm-none-eabi/lib/thumb/v7-m/nofp\libc_nano.a(libc_a-strlen.o)
                0x080047d8                        __exidx_end = .
                0x080047d8                        . = ALIGN (0x4)

.preinit_array  0x080047d8        0x0
                0x080047d8                        . = ALIGN (0x4)
                0x080047d8                        PROVIDE (__preinit_array_start = .)
 *(.preinit_array*)
                0x080047d8                        PROVIDE (__preinit_array_end = .)
                0x080047d8                        . = ALIGN (0x4)

.init_array     0x080047d8        0x4
                0x080047d8                        . = ALIGN (0x4)
                0x080047d8                        PROVIDE (__init_array_start = .)
 *(SORT_BY_NAME(.init_array.*))
 *(.init_array*)
 .init_array    0x080047d8        0x4 D:/Program Files (x86)/STM32CubeIDE_2.1.1/STM32CubeIDE_1.19.0/STM32CubeIDE/plugins/com.st.stm32cube.ide.mcu.externaltools.gnu-tools-for-stm32.13.3.rel1.win32_1.0.0.202411081344/tools/bin/../lib/gcc/arm-none-eabi/13.3.1/thumb/v7-m/nofp/crtbegin.o
                0x080047dc                        PROVIDE (__init_array_end = .)
                0x080047dc                        . = ALIGN (0x4)

.fini_array     0x080047dc        0x4
                0x080047dc                        . = ALIGN (0x4)
                [!provide]                        PROVIDE (__fini_array_start = .)
 *(SORT_BY_NAME(.fini_array.*))
 *(.fini_array*)
 .fini_array    0x080047dc        0x4 D:/Program Files (x86)/STM32CubeIDE_2.1.1/STM32CubeIDE_1.19.0/STM32CubeIDE/plugins/com.st.stm32cube.ide.mcu.externaltools.gnu-tools-for-stm32.13.3.rel1.win32_1.0.0.202411081344/tools/bin/../lib/gcc/arm-none-eabi/13.3.1/thumb/v7-m/nofp/crtbegin.o
                [!provide]                        PROVIDE (__fini_array_end = .)
                0x080047e0                        . = ALIGN (0x4)
                0x080047e0                        _sidata = LOADADDR (.data)

.rel.dyn        0x080047e0        0x0
 .rel.iplt      0x080047e0        0x0 D:/Program Files (x86)/STM32CubeIDE_2.1.1/STM32CubeIDE_1.19.0/STM32CubeIDE/plugins/com.st.stm32cube.ide.mcu.externaltools.gnu-tools-for-stm32.13.3.rel1.win32_1.0.0.202411081344/tools/bin/../lib/gcc/arm-none-eabi/13.3.1/thumb/v7-m/nofp/crtbegin.o

.data           0x20000000       0x64 load address 0x080047e0
                0x20000000                        . = ALIGN (0x4)
                0x20000000                        _sdata = .
 *(.data)
 *(.data*)
 .data.servo_angle_x
                0x20000000        0x4 ./Core/Src/main.o
                0x20000000                servo_angle_x
 .data.servo_angle_y
                0x20000004        0x4 ./Core/Src/main.o
                0x20000004                servo_angle_y
 .data.SystemCoreClock
                0x20000008        0x4 ./Core/Src/system_stm32f1xx.o
                0x20000008                SystemCoreClock
 .data.uwTickPrio
                0x2000000c        0x4 ./Drivers/STM32F1xx_HAL_Driver/Src/stm32f1xx_hal.o
                0x2000000c                uwTickPrio
 .data.uwTickFreq
                0x20000010        0x1 ./Drivers/STM32F1xx_HAL_Driver/Src/stm32f1xx_hal.o
                0x20000010                uwTickFreq
 *fill*         0x20000011        0x3 
 .data._impure_ptr
                0x20000014        0x4 D:/Program Files (x86)/STM32CubeIDE_2.1.1/STM32CubeIDE_1.19.0/STM32CubeIDE/plugins/com.st.stm32cube.ide.mcu.externaltools.gnu-tools-for-stm32.13.3.rel1.win32_1.0.0.202411081344/tools/bin/../lib/gcc/arm-none-eabi/13.3.1/../../../../arm-none-eabi/lib/thumb/v7-m/nofp\libc_nano.a(libc_a-impure.o)
                0x20000014                _impure_ptr
 .data._impure_data
                0x20000018       0x4c D:/Program Files (x86)/STM32CubeIDE_2.1.1/STM32CubeIDE_1.19.0/STM32CubeIDE/plugins/com.st.stm32cube.ide.mcu.externaltools.gnu-tools-for-stm32.13.3.rel1.win32_1.0.0.202411081344/tools/bin/../lib/gcc/arm-none-eabi/13.3.1/../../../../arm-none-eabi/lib/thumb/v7-m/nofp\libc_nano.a(libc_a-impure.o)
                0x20000018                _impure_data
 *(.RamFunc)
 *(.RamFunc*)
                0x20000064                        . = ALIGN (0x4)
                0x20000064                        _edata = .

.igot.plt       0x20000064        0x0 load address 0x08004844
 .igot.plt      0x20000064        0x0 D:/Program Files (x86)/STM32CubeIDE_2.1.1/STM32CubeIDE_1.19.0/STM32CubeIDE/plugins/com.st.stm32cube.ide.mcu.externaltools.gnu-tools-for-stm32.13.3.rel1.win32_1.0.0.202411081344/tools/bin/../lib/gcc/arm-none-eabi/13.3.1/thumb/v7-m/nofp/crtbegin.o
                0x20000064                        . = ALIGN (0x4)

.bss            0x20000064      0x2a8 load address 0x08004844
                0x20000064                        _sbss = .
                0x20000064                        __bss_start__ = _sbss
 *(.bss)
 .bss           0x20000064       0x1c D:/Program Files (x86)/STM32CubeIDE_2.1.1/STM32CubeIDE_1.19.0/STM32CubeIDE/plugins/com.st.stm32cube.ide.mcu.externaltools.gnu-tools-for-stm32.13.3.rel1.win32_1.0.0.202411081344/tools/bin/../lib/gcc/arm-none-eabi/13.3.1/thumb/v7-m/nofp/crtbegin.o
 *(.bss*)
 .bss.htim1     0x20000080       0x48 ./Core/Src/main.o
                0x20000080                htim1
 .bss.htim2     0x200000c8       0x48 ./Core/Src/main.o
                0x200000c8                htim2
 .bss.huart2    0x20000110       0x48 ./Core/Src/main.o
                0x20000110                huart2
 .bss.pid_x     0x20000158       0x1c ./Core/Src/main.o
                0x20000158                pid_x
 .bss.pid_y     0x20000174       0x1c ./Core/Src/main.o
                0x20000174                pid_y
 .bss.rx_byte   0x20000190        0x1 ./Core/Src/main.o
                0x20000190                rx_byte
 *fill*         0x20000191        0x3 
 .bss.line_buf  0x20000194       0x20 ./Core/Src/main.o
                0x20000194                line_buf
 .bss.line_idx  0x200001b4        0x1 ./Core/Src/main.o
                0x200001b4                line_idx
 .bss.line_ready
                0x200001b5        0x1 ./Core/Src/main.o
                0x200001b5                line_ready
 .bss.error_x   0x200001b6        0x2 ./Core/Src/main.o
                0x200001b6                error_x
 .bss.error_y   0x200001b8        0x2 ./Core/Src/main.o
                0x200001b8                error_y
 *fill*         0x200001ba        0x2 
 .bss.__sbrk_heap_end
                0x200001bc        0x4 ./Core/Src/sysmem.o
 .bss.uwTick    0x200001c0        0x4 ./Drivers/STM32F1xx_HAL_Driver/Src/stm32f1xx_hal.o
                0x200001c0                uwTick
 .bss.__sf      0x200001c4      0x138 D:/Program Files (x86)/STM32CubeIDE_2.1.1/STM32CubeIDE_1.19.0/STM32CubeIDE/plugins/com.st.stm32cube.ide.mcu.externaltools.gnu-tools-for-stm32.13.3.rel1.win32_1.0.0.202411081344/tools/bin/../lib/gcc/arm-none-eabi/13.3.1/../../../../arm-none-eabi/lib/thumb/v7-m/nofp\libc_nano.a(libc_a-findfp.o)
                0x200001c4                __sf
 .bss.errno     0x200002fc        0x4 D:/Program Files (x86)/STM32CubeIDE_2.1.1/STM32CubeIDE_1.19.0/STM32CubeIDE/plugins/com.st.stm32cube.ide.mcu.externaltools.gnu-tools-for-stm32.13.3.rel1.win32_1.0.0.202411081344/tools/bin/../lib/gcc/arm-none-eabi/13.3.1/../../../../arm-none-eabi/lib/thumb/v7-m/nofp\libc_nano.a(libc_a-reent.o)
                0x200002fc                errno
 .bss.__lock___malloc_recursive_mutex
                0x20000300        0x1 D:/Program Files (x86)/STM32CubeIDE_2.1.1/STM32CubeIDE_1.19.0/STM32CubeIDE/plugins/com.st.stm32cube.ide.mcu.externaltools.gnu-tools-for-stm32.13.3.rel1.win32_1.0.0.202411081344/tools/bin/../lib/gcc/arm-none-eabi/13.3.1/../../../../arm-none-eabi/lib/thumb/v7-m/nofp\libc_nano.a(libc_a-lock.o)
                0x20000300                __lock___malloc_recursive_mutex
 *fill*         0x20000301        0x3 
 .bss.__malloc_sbrk_start
                0x20000304        0x4 D:/Program Files (x86)/STM32CubeIDE_2.1.1/STM32CubeIDE_1.19.0/STM32CubeIDE/plugins/com.st.stm32cube.ide.mcu.externaltools.gnu-tools-for-stm32.13.3.rel1.win32_1.0.0.202411081344/tools/bin/../lib/gcc/arm-none-eabi/13.3.1/../../../../arm-none-eabi/lib/thumb/v7-m/nofp\libc_nano.a(libc_a-mallocr.o)
                0x20000304                __malloc_sbrk_start
 .bss.__malloc_free_list
                0x20000308        0x4 D:/Program Files (x86)/STM32CubeIDE_2.1.1/STM32CubeIDE_1.19.0/STM32CubeIDE/plugins/com.st.stm32cube.ide.mcu.externaltools.gnu-tools-for-stm32.13.3.rel1.win32_1.0.0.202411081344/tools/bin/../lib/gcc/arm-none-eabi/13.3.1/../../../../arm-none-eabi/lib/thumb/v7-m/nofp\libc_nano.a(libc_a-mallocr.o)
                0x20000308                __malloc_free_list
 *(COMMON)
                0x2000030c                        . = ALIGN (0x4)
                0x2000030c                        _ebss = .
                0x2000030c                        __bss_end__ = _ebss

._user_heap_stack
                0x2000030c      0x604 load address 0x08004844
                0x20000310                        . = ALIGN (0x8)
 *fill*         0x2000030c        0x4 
                [!provide]                        PROVIDE (end = .)
                0x20000310                        PROVIDE (_end = .)
                0x20000510                        . = (. + _Min_Heap_Size)
 *fill*         0x20000310      0x200 
                0x20000910                        . = (. + _Min_Stack_Size)
 *fill*         0x20000510      0x400 
                0x20000910                        . = ALIGN (0x8)

/DISCARD/
 libc.a(*)
 libm.a(*)
 libgcc.a(*)

.ARM.attributes
                0x00000000       0x29
 *(.ARM.attributes)
 .ARM.attributes
                0x00000000       0x1d D:/Program Files (x86)/STM32CubeIDE_2.1.1/STM32CubeIDE_1.19.0/STM32CubeIDE/plugins/com.st.stm32cube.ide.mcu.externaltools.gnu-tools-for-stm32.13.3.rel1.win32_1.0.0.202411081344/tools/bin/../lib/gcc/arm-none-eabi/13.3.1/thumb/v7-m/nofp/crti.o
 .ARM.attributes
                0x0000001d       0x2d D:/Program Files (x86)/STM32CubeIDE_2.1.1/STM32CubeIDE_1.19.0/STM32CubeIDE/plugins/com.st.stm32cube.ide.mcu.externaltools.gnu-tools-for-stm32.13.3.rel1.win32_1.0.0.202411081344/tools/bin/../lib/gcc/arm-none-eabi/13.3.1/thumb/v7-m/nofp/crtbegin.o
 .ARM.attributes
                0x0000004a       0x2d ./Core/Src/main.o
 .ARM.attributes
                0x00000077       0x2d ./Core/Src/stm32f1xx_hal_msp.o
 .ARM.attributes
                0x000000a4       0x2d ./Core/Src/stm32f1xx_it.o
 .ARM.attributes
                0x000000d1       0x2d ./Core/Src/sysmem.o
 .ARM.attributes
                0x000000fe       0x2d ./Core/Src/system_stm32f1xx.o
 .ARM.attributes
                0x0000012b       0x21 ./Core/Startup/startup_stm32f103c8tx.o
 .ARM.attributes
                0x0000014c       0x2d ./Drivers/STM32F1xx_HAL_Driver/Src/stm32f1xx_hal.o
 .ARM.attributes
                0x00000179       0x2d ./Drivers/STM32F1xx_HAL_Driver/Src/stm32f1xx_hal_cortex.o
 .ARM.attributes
                0x000001a6       0x2d ./Drivers/STM32F1xx_HAL_Driver/Src/stm32f1xx_hal_dma.o
 .ARM.attributes
                0x000001d3       0x2d ./Drivers/STM32F1xx_HAL_Driver/Src/stm32f1xx_hal_gpio.o
 .ARM.attributes
                0x00000200       0x2d ./Drivers/STM32F1xx_HAL_Driver/Src/stm32f1xx_hal_rcc.o
 .ARM.attributes
                0x0000022d       0x2d ./Drivers/STM32F1xx_HAL_Driver/Src/stm32f1xx_hal_tim.o
 .ARM.attributes
                0x0000025a       0x2d ./Drivers/STM32F1xx_HAL_Driver/Src/stm32f1xx_hal_tim_ex.o
 .ARM.attributes
                0x00000287       0x2d ./Drivers/STM32F1xx_HAL_Driver/Src/stm32f1xx_hal_uart.o
 .ARM.attributes
                0x000002b4       0x2d D:/Program Files (x86)/STM32CubeIDE_2.1.1/STM32CubeIDE_1.19.0/STM32CubeIDE/plugins/com.st.stm32cube.ide.mcu.externaltools.gnu-tools-for-stm32.13.3.rel1.win32_1.0.0.202411081344/tools/bin/../lib/gcc/arm-none-eabi/13.3.1/../../../../arm-none-eabi/lib/thumb/v7-m/nofp\libc_nano.a(libc_a-findfp.o)
 .ARM.attributes
                0x000002e1       0x2d D:/Program Files (x86)/STM32CubeIDE_2.1.1/STM32CubeIDE_1.19.0/STM32CubeIDE/plugins/com.st.stm32cube.ide.mcu.externaltools.gnu-tools-for-stm32.13.3.rel1.win32_1.0.0.202411081344/tools/bin/../lib/gcc/arm-none-eabi/13.3.1/../../../../arm-none-eabi/lib/thumb/v7-m/nofp\libc_nano.a(libc_a-sscanf.o)
 .ARM.attributes
                0x0000030e       0x2d D:/Program Files (x86)/STM32CubeIDE_2.1.1/STM32CubeIDE_1.19.0/STM32CubeIDE/plugins/com.st.stm32cube.ide.mcu.externaltools.gnu-tools-for-stm32.13.3.rel1.win32_1.0.0.202411081344/tools/bin/../lib/gcc/arm-none-eabi/13.3.1/../../../../arm-none-eabi/lib/thumb/v7-m/nofp\libc_nano.a(libc_a-stdio.o)
 .ARM.attributes
                0x0000033b       0x2d D:/Program Files (x86)/STM32CubeIDE_2.1.1/STM32CubeIDE_1.19.0/STM32CubeIDE/plugins/com.st.stm32cube.ide.mcu.externaltools.gnu-tools-for-stm32.13.3.rel1.win32_1.0.0.202411081344/tools/bin/../lib/gcc/arm-none-eabi/13.3.1/../../../../arm-none-eabi/lib/thumb/v7-m/nofp\libc_nano.a(libc_a-memset.o)
 .ARM.attributes
                0x00000368       0x2d D:/Program Files (x86)/STM32CubeIDE_2.1.1/STM32CubeIDE_1.19.0/STM32CubeIDE/plugins/com.st.stm32cube.ide.mcu.externaltools.gnu-tools-for-stm32.13.3.rel1.win32_1.0.0.202411081344/tools/bin/../lib/gcc/arm-none-eabi/13.3.1/../../../../arm-none-eabi/lib/thumb/v7-m/nofp\libc_nano.a(libc_a-reent.o)
 .ARM.attributes
                0x00000395       0x2d D:/Program Files (x86)/STM32CubeIDE_2.1.1/STM32CubeIDE_1.19.0/STM32CubeIDE/plugins/com.st.stm32cube.ide.mcu.externaltools.gnu-tools-for-stm32.13.3.rel1.win32_1.0.0.202411081344/tools/bin/../lib/gcc/arm-none-eabi/13.3.1/../../../../arm-none-eabi/lib/thumb/v7-m/nofp\libc_nano.a(libc_a-impure.o)
 .ARM.attributes
                0x000003c2       0x2d D:/Program Files (x86)/STM32CubeIDE_2.1.1/STM32CubeIDE_1.19.0/STM32CubeIDE/plugins/com.st.stm32cube.ide.mcu.externaltools.gnu-tools-for-stm32.13.3.rel1.win32_1.0.0.202411081344/tools/bin/../lib/gcc/arm-none-eabi/13.3.1/../../../../arm-none-eabi/lib/thumb/v7-m/nofp\libc_nano.a(libc_a-errno.o)
 .ARM.attributes
                0x000003ef       0x2d D:/Program Files (x86)/STM32CubeIDE_2.1.1/STM32CubeIDE_1.19.0/STM32CubeIDE/plugins/com.st.stm32cube.ide.mcu.externaltools.gnu-tools-for-stm32.13.3.rel1.win32_1.0.0.202411081344/tools/bin/../lib/gcc/arm-none-eabi/13.3.1/../../../../arm-none-eabi/lib/thumb/v7-m/nofp\libc_nano.a(libc_a-init.o)
 .ARM.attributes
                0x0000041c       0x2d D:/Program Files (x86)/STM32CubeIDE_2.1.1/STM32CubeIDE_1.19.0/STM32CubeIDE/plugins/com.st.stm32cube.ide.mcu.externaltools.gnu-tools-for-stm32.13.3.rel1.win32_1.0.0.202411081344/tools/bin/../lib/gcc/arm-none-eabi/13.3.1/../../../../arm-none-eabi/lib/thumb/v7-m/nofp\libc_nano.a(libc_a-lock.o)
 .ARM.attributes
                0x00000449       0x17 D:/Program Files (x86)/STM32CubeIDE_2.1.1/STM32CubeIDE_1.19.0/STM32CubeIDE/plugins/com.st.stm32cube.ide.mcu.externaltools.gnu-tools-for-stm32.13.3.rel1.win32_1.0.0.202411081344/tools/bin/../lib/gcc/arm-none-eabi/13.3.1/../../../../arm-none-eabi/lib/thumb/v7-m/nofp\libc_nano.a(libc_a-strlen.o)
 .ARM.attributes
                0x00000460       0x2d D:/Program Files (x86)/STM32CubeIDE_2.1.1/STM32CubeIDE_1.19.0/STM32CubeIDE/plugins/com.st.stm32cube.ide.mcu.externaltools.gnu-tools-for-stm32.13.3.rel1.win32_1.0.0.202411081344/tools/bin/../lib/gcc/arm-none-eabi/13.3.1/../../../../arm-none-eabi/lib/thumb/v7-m/nofp\libc_nano.a(libc_a-freer.o)
 .ARM.attributes
                0x0000048d       0x2d D:/Program Files (x86)/STM32CubeIDE_2.1.1/STM32CubeIDE_1.19.0/STM32CubeIDE/plugins/com.st.stm32cube.ide.mcu.externaltools.gnu-tools-for-stm32.13.3.rel1.win32_1.0.0.202411081344/tools/bin/../lib/gcc/arm-none-eabi/13.3.1/../../../../arm-none-eabi/lib/thumb/v7-m/nofp\libc_nano.a(libc_a-mallocr.o)
 .ARM.attributes
                0x000004ba       0x2d D:/Program Files (x86)/STM32CubeIDE_2.1.1/STM32CubeIDE_1.19.0/STM32CubeIDE/plugins/com.st.stm32cube.ide.mcu.externaltools.gnu-tools-for-stm32.13.3.rel1.win32_1.0.0.202411081344/tools/bin/../lib/gcc/arm-none-eabi/13.3.1/../../../../arm-none-eabi/lib/thumb/v7-m/nofp\libc_nano.a(libc_a-mlock.o)
 .ARM.attributes
                0x000004e7       0x2d D:/Program Files (x86)/STM32CubeIDE_2.1.1/STM32CubeIDE_1.19.0/STM32CubeIDE/plugins/com.st.stm32cube.ide.mcu.externaltools.gnu-tools-for-stm32.13.3.rel1.win32_1.0.0.202411081344/tools/bin/../lib/gcc/arm-none-eabi/13.3.1/../../../../arm-none-eabi/lib/thumb/v7-m/nofp\libc_nano.a(libc_a-nano-svfscanf.o)
 .ARM.attributes
                0x00000514       0x2d D:/Program Files (x86)/STM32CubeIDE_2.1.1/STM32CubeIDE_1.19.0/STM32CubeIDE/plugins/com.st.stm32cube.ide.mcu.externaltools.gnu-tools-for-stm32.13.3.rel1.win32_1.0.0.202411081344/tools/bin/../lib/gcc/arm-none-eabi/13.3.1/../../../../arm-none-eabi/lib/thumb/v7-m/nofp\libc_nano.a(libc_a-nano-vfscanf_i.o)
 .ARM.attributes
                0x00000541       0x2d D:/Program Files (x86)/STM32CubeIDE_2.1.1/STM32CubeIDE_1.19.0/STM32CubeIDE/plugins/com.st.stm32cube.ide.mcu.externaltools.gnu-tools-for-stm32.13.3.rel1.win32_1.0.0.202411081344/tools/bin/../lib/gcc/arm-none-eabi/13.3.1/../../../../arm-none-eabi/lib/thumb/v7-m/nofp\libc_nano.a(libc_a-sccl.o)
 .ARM.attributes
                0x0000056e       0x2d D:/Program Files (x86)/STM32CubeIDE_2.1.1/STM32CubeIDE_1.19.0/STM32CubeIDE/plugins/com.st.stm32cube.ide.mcu.externaltools.gnu-tools-for-stm32.13.3.rel1.win32_1.0.0.202411081344/tools/bin/../lib/gcc/arm-none-eabi/13.3.1/../../../../arm-none-eabi/lib/thumb/v7-m/nofp\libc_nano.a(libc_a-ungetc.o)
 .ARM.attributes
                0x0000059b       0x2d D:/Program Files (x86)/STM32CubeIDE_2.1.1/STM32CubeIDE_1.19.0/STM32CubeIDE/plugins/com.st.stm32cube.ide.mcu.externaltools.gnu-tools-for-stm32.13.3.rel1.win32_1.0.0.202411081344/tools/bin/../lib/gcc/arm-none-eabi/13.3.1/../../../../arm-none-eabi/lib/thumb/v7-m/nofp\libc_nano.a(libc_a-sbrkr.o)
 .ARM.attributes
                0x000005c8       0x2d D:/Program Files (x86)/STM32CubeIDE_2.1.1/STM32CubeIDE_1.19.0/STM32CubeIDE/plugins/com.st.stm32cube.ide.mcu.externaltools.gnu-tools-for-stm32.13.3.rel1.win32_1.0.0.202411081344/tools/bin/../lib/gcc/arm-none-eabi/13.3.1/../../../../arm-none-eabi/lib/thumb/v7-m/nofp\libc_nano.a(libc_a-memchr-stub.o)
 .ARM.attributes
                0x000005f5       0x2d D:/Program Files (x86)/STM32CubeIDE_2.1.1/STM32CubeIDE_1.19.0/STM32CubeIDE/plugins/com.st.stm32cube.ide.mcu.externaltools.gnu-tools-for-stm32.13.3.rel1.win32_1.0.0.202411081344/tools/bin/../lib/gcc/arm-none-eabi/13.3.1/../../../../arm-none-eabi/lib/thumb/v7-m/nofp\libc_nano.a(libc_a-memcpy-stub.o)
 .ARM.attributes
                0x00000622       0x2d D:/Program Files (x86)/STM32CubeIDE_2.1.1/STM32CubeIDE_1.19.0/STM32CubeIDE/plugins/com.st.stm32cube.ide.mcu.externaltools.gnu-tools-for-stm32.13.3.rel1.win32_1.0.0.202411081344/tools/bin/../lib/gcc/arm-none-eabi/13.3.1/../../../../arm-none-eabi/lib/thumb/v7-m/nofp\libc_nano.a(libc_a-reallocr.o)
 .ARM.attributes
                0x0000064f       0x2d D:/Program Files (x86)/STM32CubeIDE_2.1.1/STM32CubeIDE_1.19.0/STM32CubeIDE/plugins/com.st.stm32cube.ide.mcu.externaltools.gnu-tools-for-stm32.13.3.rel1.win32_1.0.0.202411081344/tools/bin/../lib/gcc/arm-none-eabi/13.3.1/../../../../arm-none-eabi/lib/thumb/v7-m/nofp\libc_nano.a(libc_a-strtol.o)
 .ARM.attributes
                0x0000067c       0x2d D:/Program Files (x86)/STM32CubeIDE_2.1.1/STM32CubeIDE_1.19.0/STM32CubeIDE/plugins/com.st.stm32cube.ide.mcu.externaltools.gnu-tools-for-stm32.13.3.rel1.win32_1.0.0.202411081344/tools/bin/../lib/gcc/arm-none-eabi/13.3.1/../../../../arm-none-eabi/lib/thumb/v7-m/nofp\libc_nano.a(libc_a-strtoul.o)
 .ARM.attributes
                0x000006a9       0x2d D:/Program Files (x86)/STM32CubeIDE_2.1.1/STM32CubeIDE_1.19.0/STM32CubeIDE/plugins/com.st.stm32cube.ide.mcu.externaltools.gnu-tools-for-stm32.13.3.rel1.win32_1.0.0.202411081344/tools/bin/../lib/gcc/arm-none-eabi/13.3.1/../../../../arm-none-eabi/lib/thumb/v7-m/nofp\libc_nano.a(libc_a-ctype_.o)
 .ARM.attributes
                0x000006d6       0x2d D:/Program Files (x86)/STM32CubeIDE_2.1.1/STM32CubeIDE_1.19.0/STM32CubeIDE/plugins/com.st.stm32cube.ide.mcu.externaltools.gnu-tools-for-stm32.13.3.rel1.win32_1.0.0.202411081344/tools/bin/../lib/gcc/arm-none-eabi/13.3.1/../../../../arm-none-eabi/lib/thumb/v7-m/nofp\libc_nano.a(libc_a-msizer.o)
 .ARM.attributes
                0x00000703       0x1d D:/Program Files (x86)/STM32CubeIDE_2.1.1/STM32CubeIDE_1.19.0/STM32CubeIDE/plugins/com.st.stm32cube.ide.mcu.externaltools.gnu-tools-for-stm32.13.3.rel1.win32_1.0.0.202411081344/tools/bin/../lib/gcc/arm-none-eabi/13.3.1/thumb/v7-m/nofp\libgcc.a(_arm_addsubsf3.o)
 .ARM.attributes
                0x00000720       0x1d D:/Program Files (x86)/STM32CubeIDE_2.1.1/STM32CubeIDE_1.19.0/STM32CubeIDE/plugins/com.st.stm32cube.ide.mcu.externaltools.gnu-tools-for-stm32.13.3.rel1.win32_1.0.0.202411081344/tools/bin/../lib/gcc/arm-none-eabi/13.3.1/thumb/v7-m/nofp\libgcc.a(_arm_muldivsf3.o)
 .ARM.attributes
                0x0000073d       0x1d D:/Program Files (x86)/STM32CubeIDE_2.1.1/STM32CubeIDE_1.19.0/STM32CubeIDE/plugins/com.st.stm32cube.ide.mcu.externaltools.gnu-tools-for-stm32.13.3.rel1.win32_1.0.0.202411081344/tools/bin/../lib/gcc/arm-none-eabi/13.3.1/thumb/v7-m/nofp\libgcc.a(_arm_cmpsf2.o)
 .ARM.attributes
                0x0000075a       0x1d D:/Program Files (x86)/STM32CubeIDE_2.1.1/STM32CubeIDE_1.19.0/STM32CubeIDE/plugins/com.st.stm32cube.ide.mcu.externaltools.gnu-tools-for-stm32.13.3.rel1.win32_1.0.0.202411081344/tools/bin/../lib/gcc/arm-none-eabi/13.3.1/thumb/v7-m/nofp\libgcc.a(_arm_fixunssfsi.o)
 .ARM.attributes
                0x00000777       0x1d D:/Program Files (x86)/STM32CubeIDE_2.1.1/STM32CubeIDE_1.19.0/STM32CubeIDE/plugins/com.st.stm32cube.ide.mcu.externaltools.gnu-tools-for-stm32.13.3.rel1.win32_1.0.0.202411081344/tools/bin/../lib/gcc/arm-none-eabi/13.3.1/thumb/v7-m/nofp/crtn.o
OUTPUT(yuntai.elf elf32-littlearm)
LOAD linker stubs
LOAD D:/Program Files (x86)/STM32CubeIDE_2.1.1/STM32CubeIDE_1.19.0/STM32CubeIDE/plugins/com.st.stm32cube.ide.mcu.externaltools.gnu-tools-for-stm32.13.3.rel1.win32_1.0.0.202411081344/tools/bin/../lib/gcc/arm-none-eabi/13.3.1/../../../../arm-none-eabi/lib/thumb/v7-m/nofp\libc.a
LOAD D:/Program Files (x86)/STM32CubeIDE_2.1.1/STM32CubeIDE_1.19.0/STM32CubeIDE/plugins/com.st.stm32cube.ide.mcu.externaltools.gnu-tools-for-stm32.13.3.rel1.win32_1.0.0.202411081344/tools/bin/../lib/gcc/arm-none-eabi/13.3.1/../../../../arm-none-eabi/lib/thumb/v7-m/nofp\libm.a
LOAD D:/Program Files (x86)/STM32CubeIDE_2.1.1/STM32CubeIDE_1.19.0/STM32CubeIDE/plugins/com.st.stm32cube.ide.mcu.externaltools.gnu-tools-for-stm32.13.3.rel1.win32_1.0.0.202411081344/tools/bin/../lib/gcc/arm-none-eabi/13.3.1/thumb/v7-m/nofp\libgcc.a

.debug_info     0x00000000     0xbc89
 .debug_info    0x00000000     0x1278 ./Core/Src/main.o
 .debug_info    0x00001278      0xdae ./Core/Src/stm32f1xx_hal_msp.o
 .debug_info    0x00002026      0x5eb ./Core/Src/stm32f1xx_it.o
 .debug_info    0x00002611      0x168 ./Core/Src/sysmem.o
 .debug_info    0x00002779      0x222 ./Core/Src/system_stm32f1xx.o
 .debug_info    0x0000299b       0x30 ./Core/Startup/startup_stm32f103c8tx.o
 .debug_info    0x000029cb      0x704 ./Drivers/STM32F1xx_HAL_Driver/Src/stm32f1xx_hal.o
 .debug_info    0x000030cf      0xa87 ./Drivers/STM32F1xx_HAL_Driver/Src/stm32f1xx_hal_cortex.o
 .debug_info    0x00003b56      0x6d2 ./Drivers/STM32F1xx_HAL_Driver/Src/stm32f1xx_hal_dma.o
 .debug_info    0x00004228      0x5ab ./Drivers/STM32F1xx_HAL_Driver/Src/stm32f1xx_hal_gpio.o
 .debug_info    0x000047d3      0x7d5 ./Drivers/STM32F1xx_HAL_Driver/Src/stm32f1xx_hal_rcc.o
 .debug_info    0x00004fa8     0x2959 ./Drivers/STM32F1xx_HAL_Driver/Src/stm32f1xx_hal_tim.o
 .debug_info    0x00007901     0x149b ./Drivers/STM32F1xx_HAL_Driver/Src/stm32f1xx_hal_tim_ex.o
 .debug_info    0x00008d9c     0x2eed ./Drivers/STM32F1xx_HAL_Driver/Src/stm32f1xx_hal_uart.o

.debug_abbrev   0x00000000     0x1c36
 .debug_abbrev  0x00000000      0x335 ./Core/Src/main.o
 .debug_abbrev  0x00000335      0x1fa ./Core/Src/stm32f1xx_hal_msp.o
 .debug_abbrev  0x0000052f      0x176 ./Core/Src/stm32f1xx_it.o
 .debug_abbrev  0x000006a5       0xbc ./Core/Src/sysmem.o
 .debug_abbrev  0x00000761      0x13f ./Core/Src/system_stm32f1xx.o
 .debug_abbrev  0x000008a0       0x24 ./Core/Startup/startup_stm32f103c8tx.o
 .debug_abbrev  0x000008c4      0x201 ./Drivers/STM32F1xx_HAL_Driver/Src/stm32f1xx_hal.o
 .debug_abbrev  0x00000ac5      0x2f8 ./Drivers/STM32F1xx_HAL_Driver/Src/stm32f1xx_hal_cortex.o
 .debug_abbrev  0x00000dbd      0x20b ./Drivers/STM32F1xx_HAL_Driver/Src/stm32f1xx_hal_dma.o
 .debug_abbrev  0x00000fc8      0x1ca ./Drivers/STM32F1xx_HAL_Driver/Src/stm32f1xx_hal_gpio.o
 .debug_abbrev  0x00001192      0x2b3 ./Drivers/STM32F1xx_HAL_Driver/Src/stm32f1xx_hal_rcc.o
 .debug_abbrev  0x00001445      0x277 ./Drivers/STM32F1xx_HAL_Driver/Src/stm32f1xx_hal_tim.o
 .debug_abbrev  0x000016bc      0x282 ./Drivers/STM32F1xx_HAL_Driver/Src/stm32f1xx_hal_tim_ex.o
 .debug_abbrev  0x0000193e      0x2f8 ./Drivers/STM32F1xx_HAL_Driver/Src/stm32f1xx_hal_uart.o

.debug_aranges  0x00000000      0xc20
 .debug_aranges
                0x00000000       0x78 ./Core/Src/main.o
 .debug_aranges
                0x00000078       0x48 ./Core/Src/stm32f1xx_hal_msp.o
 .debug_aranges
                0x000000c0       0x68 ./Core/Src/stm32f1xx_it.o
 .debug_aranges
                0x00000128       0x20 ./Core/Src/sysmem.o
 .debug_aranges
                0x00000148       0x28 ./Core/Src/system_stm32f1xx.o
 .debug_aranges
                0x00000170       0x28 ./Core/Startup/startup_stm32f103c8tx.o
 .debug_aranges
                0x00000198       0xe0 ./Drivers/STM32F1xx_HAL_Driver/Src/stm32f1xx_hal.o
 .debug_aranges
                0x00000278      0x100 ./Drivers/STM32F1xx_HAL_Driver/Src/stm32f1xx_hal_cortex.o
 .debug_aranges
                0x00000378       0x80 ./Drivers/STM32F1xx_HAL_Driver/Src/stm32f1xx_hal_dma.o
 .debug_aranges
                0x000003f8       0x58 ./Drivers/STM32F1xx_HAL_Driver/Src/stm32f1xx_hal_gpio.o
 .debug_aranges
                0x00000450       0x90 ./Drivers/STM32F1xx_HAL_Driver/Src/stm32f1xx_hal_rcc.o
 .debug_aranges
                0x000004e0      0x3d0 ./Drivers/STM32F1xx_HAL_Driver/Src/stm32f1xx_hal_tim.o
 .debug_aranges
                0x000008b0      0x168 ./Drivers/STM32F1xx_HAL_Driver/Src/stm32f1xx_hal_tim_ex.o
 .debug_aranges
                0x00000a18      0x208 ./Drivers/STM32F1xx_HAL_Driver/Src/stm32f1xx_hal_uart.o

.debug_rnglists
                0x00000000      0x985
 .debug_rnglists
                0x00000000       0x5b ./Core/Src/main.o
 .debug_rnglists
                0x0000005b       0x33 ./Core/Src/stm32f1xx_hal_msp.o
 .debug_rnglists
                0x0000008e       0x49 ./Core/Src/stm32f1xx_it.o
 .debug_rnglists
                0x000000d7       0x13 ./Core/Src/sysmem.o
 .debug_rnglists
                0x000000ea       0x1a ./Core/Src/system_stm32f1xx.o
 .debug_rnglists
                0x00000104       0x19 ./Core/Startup/startup_stm32f103c8tx.o
 .debug_rnglists
                0x0000011d       0xa3 ./Drivers/STM32F1xx_HAL_Driver/Src/stm32f1xx_hal.o
 .debug_rnglists
                0x000001c0       0xbb ./Drivers/STM32F1xx_HAL_Driver/Src/stm32f1xx_hal_cortex.o
 .debug_rnglists
                0x0000027b       0x64 ./Drivers/STM32F1xx_HAL_Driver/Src/stm32f1xx_hal_dma.o
 .debug_rnglists
                0x000002df       0x3f ./Drivers/STM32F1xx_HAL_Driver/Src/stm32f1xx_hal_gpio.o
 .debug_rnglists
                0x0000031e       0x6c ./Drivers/STM32F1xx_HAL_Driver/Src/stm32f1xx_hal_rcc.o
 .debug_rnglists
                0x0000038a      0x31a ./Drivers/STM32F1xx_HAL_Driver/Src/stm32f1xx_hal_tim.o
 .debug_rnglists
                0x000006a4      0x125 ./Drivers/STM32F1xx_HAL_Driver/Src/stm32f1xx_hal_tim_ex.o
 .debug_rnglists
                0x000007c9      0x1bc ./Drivers/STM32F1xx_HAL_Driver/Src/stm32f1xx_hal_uart.o

.debug_macro    0x00000000    0x179f6
 .debug_macro   0x00000000      0x285 ./Core/Src/main.o
 .debug_macro   0x00000285      0xacc ./Core/Src/main.o
 .debug_macro   0x00000d51      0x21b ./Core/Src/main.o
 .debug_macro   0x00000f6c       0x2e ./Core/Src/main.o
 .debug_macro   0x00000f9a       0x22 ./Core/Src/main.o
 .debug_macro   0x00000fbc       0x22 ./Core/Src/main.o
 .debug_macro   0x00000fde       0x8e ./Core/Src/main.o
 .debug_macro   0x0000106c       0x51 ./Core/Src/main.o
 .debug_macro   0x000010bd      0x103 ./Core/Src/main.o
 .debug_macro   0x000011c0       0x6a ./Core/Src/main.o
 .debug_macro   0x0000122a      0x1df ./Core/Src/main.o
 .debug_macro   0x00001409       0x1c ./Core/Src/main.o
 .debug_macro   0x00001425       0x22 ./Core/Src/main.o
 .debug_macro   0x00001447       0xbd ./Core/Src/main.o
 .debug_macro   0x00001504      0xd23 ./Core/Src/main.o
 .debug_macro   0x00002227     0xe09e ./Core/Src/main.o
 .debug_macro   0x000102c5       0x6d ./Core/Src/main.o
 .debug_macro   0x00010332     0x34a2 ./Core/Src/main.o
 .debug_macro   0x000137d4      0x190 ./Core/Src/main.o
 .debug_macro   0x00013964       0x5c ./Core/Src/main.o
 .debug_macro   0x000139c0      0x5bc ./Core/Src/main.o
 .debug_macro   0x00013f7c      0x289 ./Core/Src/main.o
 .debug_macro   0x00014205      0x1cb ./Core/Src/main.o
 .debug_macro   0x000143d0      0x114 ./Core/Src/main.o
 .debug_macro   0x000144e4      0x1b2 ./Core/Src/main.o
 .debug_macro   0x00014696       0x27 ./Core/Src/main.o
 .debug_macro   0x000146bd      0x136 ./Core/Src/main.o
 .debug_macro   0x000147f3      0x1bc ./Core/Src/main.o
 .debug_macro   0x000149af       0x34 ./Core/Src/main.o
 .debug_macro   0x000149e3       0x3c ./Core/Src/main.o
 .debug_macro   0x00014a1f       0x57 ./Core/Src/main.o
 .debug_macro   0x00014a76       0x87 ./Core/Src/main.o
 .debug_macro   0x00014afd      0x240 ./Core/Src/main.o
 .debug_macro   0x00014d3d      0x140 ./Core/Src/main.o
 .debug_macro   0x00014e7d      0x8ed ./Core/Src/main.o
 .debug_macro   0x0001576a      0x28e ./Core/Src/main.o
 .debug_macro   0x000159f8       0x83 ./Core/Src/main.o
 .debug_macro   0x00015a7b       0x61 ./Core/Src/main.o
 .debug_macro   0x00015adc       0x24 ./Core/Src/main.o
 .debug_macro   0x00015b00       0x43 ./Core/Src/main.o
 .debug_macro   0x00015b43       0x34 ./Core/Src/main.o
 .debug_macro   0x00015b77       0x16 ./Core/Src/main.o
 .debug_macro   0x00015b8d       0x3c ./Core/Src/main.o
 .debug_macro   0x00015bc9      0x370 ./Core/Src/main.o
 .debug_macro   0x00015f39       0x10 ./Core/Src/main.o
 .debug_macro   0x00015f49       0x16 ./Core/Src/main.o
 .debug_macro   0x00015f5f       0x4a ./Core/Src/main.o
 .debug_macro   0x00015fa9       0x34 ./Core/Src/main.o
 .debug_macro   0x00015fdd       0x10 ./Core/Src/main.o
 .debug_macro   0x00015fed       0x58 ./Core/Src/main.o
 .debug_macro   0x00016045       0x8e ./Core/Src/main.o
 .debug_macro   0x000160d3       0x1c ./Core/Src/main.o
 .debug_macro   0x000160ef      0x185 ./Core/Src/main.o
 .debug_macro   0x00016274       0x16 ./Core/Src/main.o
 .debug_macro   0x0001628a       0x16 ./Core/Src/main.o
 .debug_macro   0x000162a0      0x146 ./Core/Src/main.o
 .debug_macro   0x000163e6      0x1ad ./Core/Src/stm32f1xx_hal_msp.o
 .debug_macro   0x00016593      0x1b7 ./Core/Src/stm32f1xx_it.o
 .debug_macro   0x0001674a      0x112 ./Core/Src/sysmem.o
 .debug_macro   0x0001685c      0x23c ./Core/Src/sysmem.o
 .debug_macro   0x00016a98      0x1a3 ./Core/Src/system_stm32f1xx.o
 .debug_macro   0x00016c3b      0x1c7 ./Drivers/STM32F1xx_HAL_Driver/Src/stm32f1xx_hal.o
 .debug_macro   0x00016e02      0x1a3 ./Drivers/STM32F1xx_HAL_Driver/Src/stm32f1xx_hal_cortex.o
 .debug_macro   0x00016fa5      0x1a3 ./Drivers/STM32F1xx_HAL_Driver/Src/stm32f1xx_hal_dma.o
 .debug_macro   0x00017148      0x20e ./Drivers/STM32F1xx_HAL_Driver/Src/stm32f1xx_hal_gpio.o
 .debug_macro   0x00017356      0x1b5 ./Drivers/STM32F1xx_HAL_Driver/Src/stm32f1xx_hal_rcc.o
 .debug_macro   0x0001750b      0x1a4 ./Drivers/STM32F1xx_HAL_Driver/Src/stm32f1xx_hal_tim.o
 .debug_macro   0x000176af      0x1a3 ./Drivers/STM32F1xx_HAL_Driver/Src/stm32f1xx_hal_tim_ex.o
 .debug_macro   0x00017852      0x1a4 ./Drivers/STM32F1xx_HAL_Driver/Src/stm32f1xx_hal_uart.o

.debug_line     0x00000000     0xd70e
 .debug_line    0x00000000      0xca1 ./Core/Src/main.o
 .debug_line    0x00000ca1      0x7f3 ./Core/Src/stm32f1xx_hal_msp.o
 .debug_line    0x00001494      0x7c3 ./Core/Src/stm32f1xx_it.o
 .debug_line    0x00001c57      0x5ac ./Core/Src/sysmem.o
 .debug_line    0x00002203      0x77b ./Core/Src/system_stm32f1xx.o
 .debug_line    0x0000297e       0x78 ./Core/Startup/startup_stm32f103c8tx.o
 .debug_line    0x000029f6      0x9ac ./Drivers/STM32F1xx_HAL_Driver/Src/stm32f1xx_hal.o
 .debug_line    0x000033a2      0xb76 ./Drivers/STM32F1xx_HAL_Driver/Src/stm32f1xx_hal_cortex.o
 .debug_line    0x00003f18      0xdb6 ./Drivers/STM32F1xx_HAL_Driver/Src/stm32f1xx_hal_dma.o
 .debug_line    0x00004cce      0xa09 ./Drivers/STM32F1xx_HAL_Driver/Src/stm32f1xx_hal_gpio.o
 .debug_line    0x000056d7      0xe65 ./Drivers/STM32F1xx_HAL_Driver/Src/stm32f1xx_hal_rcc.o
 .debug_line    0x0000653c     0x349a ./Drivers/STM32F1xx_HAL_Driver/Src/stm32f1xx_hal_tim.o
 .debug_line    0x000099d6     0x1870 ./Drivers/STM32F1xx_HAL_Driver/Src/stm32f1xx_hal_tim_ex.o
 .debug_line    0x0000b246     0x24c8 ./Drivers/STM32F1xx_HAL_Driver/Src/stm32f1xx_hal_uart.o

.debug_str      0x00000000    0x8a623
 .debug_str     0x00000000    0x8a623 ./Core/Src/main.o
                              0x87b7c (size before relaxing)
 .debug_str     0x0008a623    0x84226 ./Core/Src/stm32f1xx_hal_msp.o
 .debug_str     0x0008a623    0x83baa ./Core/Src/stm32f1xx_it.o
 .debug_str     0x0008a623     0x770c ./Core/Src/sysmem.o
 .debug_str     0x0008a623    0x83785 ./Core/Src/system_stm32f1xx.o
 .debug_str     0x0008a623       0x66 ./Core/Startup/startup_stm32f103c8tx.o
 .debug_str     0x0008a623    0x83eb8 ./Drivers/STM32F1xx_HAL_Driver/Src/stm32f1xx_hal.o
 .debug_str     0x0008a623    0x83e04 ./Drivers/STM32F1xx_HAL_Driver/Src/stm32f1xx_hal_cortex.o
 .debug_str     0x0008a623    0x83b2e ./Drivers/STM32F1xx_HAL_Driver/Src/stm32f1xx_hal_dma.o
 .debug_str     0x0008a623    0x83b0b ./Drivers/STM32F1xx_HAL_Driver/Src/stm32f1xx_hal_gpio.o
 .debug_str     0x0008a623    0x83bb4 ./Drivers/STM32F1xx_HAL_Driver/Src/stm32f1xx_hal_rcc.o
 .debug_str     0x0008a623    0x84bb6 ./Drivers/STM32F1xx_HAL_Driver/Src/stm32f1xx_hal_tim.o
 .debug_str     0x0008a623    0x843c2 ./Drivers/STM32F1xx_HAL_Driver/Src/stm32f1xx_hal_tim_ex.o
 .debug_str     0x0008a623    0x84225 ./Drivers/STM32F1xx_HAL_Driver/Src/stm32f1xx_hal_uart.o

.comment        0x00000000       0x43
 .comment       0x00000000       0x43 ./Core/Src/main.o
                                 0x44 (size before relaxing)
 .comment       0x00000043       0x44 ./Core/Src/stm32f1xx_hal_msp.o
 .comment       0x00000043       0x44 ./Core/Src/stm32f1xx_it.o
 .comment       0x00000043       0x44 ./Core/Src/sysmem.o
 .comment       0x00000043       0x44 ./Core/Src/system_stm32f1xx.o
 .comment       0x00000043       0x44 ./Drivers/STM32F1xx_HAL_Driver/Src/stm32f1xx_hal.o
 .comment       0x00000043       0x44 ./Drivers/STM32F1xx_HAL_Driver/Src/stm32f1xx_hal_cortex.o
 .comment       0x00000043       0x44 ./Drivers/STM32F1xx_HAL_Driver/Src/stm32f1xx_hal_dma.o
 .comment       0x00000043       0x44 ./Drivers/STM32F1xx_HAL_Driver/Src/stm32f1xx_hal_gpio.o
 .comment       0x00000043       0x44 ./Drivers/STM32F1xx_HAL_Driver/Src/stm32f1xx_hal_rcc.o
 .comment       0x00000043       0x44 ./Drivers/STM32F1xx_HAL_Driver/Src/stm32f1xx_hal_tim.o
 .comment       0x00000043       0x44 ./Drivers/STM32F1xx_HAL_Driver/Src/stm32f1xx_hal_tim_ex.o
 .comment       0x00000043       0x44 ./Drivers/STM32F1xx_HAL_Driver/Src/stm32f1xx_hal_uart.o

.debug_frame    0x00000000     0x3b18
 .debug_frame   0x00000000      0x1b0 ./Core/Src/main.o
 .debug_frame   0x000001b0       0xf4 ./Core/Src/stm32f1xx_hal_msp.o
 .debug_frame   0x000002a4      0x120 ./Core/Src/stm32f1xx_it.o
 .debug_frame   0x000003c4       0x34 ./Core/Src/sysmem.o
 .debug_frame   0x000003f8       0x58 ./Core/Src/system_stm32f1xx.o
 .debug_frame   0x00000450      0x334 ./Drivers/STM32F1xx_HAL_Driver/Src/stm32f1xx_hal.o
 .debug_frame   0x00000784      0x428 ./Drivers/STM32F1xx_HAL_Driver/Src/stm32f1xx_hal_cortex.o
 .debug_frame   0x00000bac      0x208 ./Drivers/STM32F1xx_HAL_Driver/Src/stm32f1xx_hal_dma.o
 .debug_frame   0x00000db4      0x14c ./Drivers/STM32F1xx_HAL_Driver/Src/stm32f1xx_hal_gpio.o
 .debug_frame   0x00000f00      0x218 ./Drivers/STM32F1xx_HAL_Driver/Src/stm32f1xx_hal_rcc.o
 .debug_frame   0x00001118     0x11b8 ./Drivers/STM32F1xx_HAL_Driver/Src/stm32f1xx_hal_tim.o
 .debug_frame   0x000022d0      0x638 ./Drivers/STM32F1xx_HAL_Driver/Src/stm32f1xx_hal_tim_ex.o
 .debug_frame   0x00002908      0x944 ./Drivers/STM32F1xx_HAL_Driver/Src/stm32f1xx_hal_uart.o
 .debug_frame   0x0000324c      0x144 D:/Program Files (x86)/STM32CubeIDE_2.1.1/STM32CubeIDE_1.19.0/STM32CubeIDE/plugins/com.st.stm32cube.ide.mcu.externaltools.gnu-tools-for-stm32.13.3.rel1.win32_1.0.0.202411081344/tools/bin/../lib/gcc/arm-none-eabi/13.3.1/../../../../arm-none-eabi/lib/thumb/v7-m/nofp\libc_nano.a(libc_a-findfp.o)
 .debug_frame   0x00003390       0x80 D:/Program Files (x86)/STM32CubeIDE_2.1.1/STM32CubeIDE_1.19.0/STM32CubeIDE/plugins/com.st.stm32cube.ide.mcu.externaltools.gnu-tools-for-stm32.13.3.rel1.win32_1.0.0.202411081344/tools/bin/../lib/gcc/arm-none-eabi/13.3.1/../../../../arm-none-eabi/lib/thumb/v7-m/nofp\libc_nano.a(libc_a-sscanf.o)
 .debug_frame   0x00003410       0x88 D:/Program Files (x86)/STM32CubeIDE_2.1.1/STM32CubeIDE_1.19.0/STM32CubeIDE/plugins/com.st.stm32cube.ide.mcu.externaltools.gnu-tools-for-stm32.13.3.rel1.win32_1.0.0.202411081344/tools/bin/../lib/gcc/arm-none-eabi/13.3.1/../../../../arm-none-eabi/lib/thumb/v7-m/nofp\libc_nano.a(libc_a-stdio.o)
 .debug_frame   0x00003498       0x20 D:/Program Files (x86)/STM32CubeIDE_2.1.1/STM32CubeIDE_1.19.0/STM32CubeIDE/plugins/com.st.stm32cube.ide.mcu.externaltools.gnu-tools-for-stm32.13.3.rel1.win32_1.0.0.202411081344/tools/bin/../lib/gcc/arm-none-eabi/13.3.1/../../../../arm-none-eabi/lib/thumb/v7-m/nofp\libc_nano.a(libc_a-memset.o)
 .debug_frame   0x000034b8       0x38 D:/Program Files (x86)/STM32CubeIDE_2.1.1/STM32CubeIDE_1.19.0/STM32CubeIDE/plugins/com.st.stm32cube.ide.mcu.externaltools.gnu-tools-for-stm32.13.3.rel1.win32_1.0.0.202411081344/tools/bin/../lib/gcc/arm-none-eabi/13.3.1/../../../../arm-none-eabi/lib/thumb/v7-m/nofp\libc_nano.a(libc_a-reent.o)
 .debug_frame   0x000034f0       0x20 D:/Program Files (x86)/STM32CubeIDE_2.1.1/STM32CubeIDE_1.19.0/STM32CubeIDE/plugins/com.st.stm32cube.ide.mcu.externaltools.gnu-tools-for-stm32.13.3.rel1.win32_1.0.0.202411081344/tools/bin/../lib/gcc/arm-none-eabi/13.3.1/../../../../arm-none-eabi/lib/thumb/v7-m/nofp\libc_nano.a(libc_a-errno.o)
 .debug_frame   0x00003510       0x2c D:/Program Files (x86)/STM32CubeIDE_2.1.1/STM32CubeIDE_1.19.0/STM32CubeIDE/plugins/com.st.stm32cube.ide.mcu.externaltools.gnu-tools-for-stm32.13.3.rel1.win32_1.0.0.202411081344/tools/bin/../lib/gcc/arm-none-eabi/13.3.1/../../../../arm-none-eabi/lib/thumb/v7-m/nofp\libc_nano.a(libc_a-init.o)
 .debug_frame   0x0000353c       0xb0 D:/Program Files (x86)/STM32CubeIDE_2.1.1/STM32CubeIDE_1.19.0/STM32CubeIDE/plugins/com.st.stm32cube.ide.mcu.externaltools.gnu-tools-for-stm32.13.3.rel1.win32_1.0.0.202411081344/tools/bin/../lib/gcc/arm-none-eabi/13.3.1/../../../../arm-none-eabi/lib/thumb/v7-m/nofp\libc_nano.a(libc_a-lock.o)
 .debug_frame   0x000035ec       0x38 D:/Program Files (x86)/STM32CubeIDE_2.1.1/STM32CubeIDE_1.19.0/STM32CubeIDE/plugins/com.st.stm32cube.ide.mcu.externaltools.gnu-tools-for-stm32.13.3.rel1.win32_1.0.0.202411081344/tools/bin/../lib/gcc/arm-none-eabi/13.3.1/../../../../arm-none-eabi/lib/thumb/v7-m/nofp\libc_nano.a(libc_a-freer.o)
 .debug_frame   0x00003624       0x50 D:/Program Files (x86)/STM32CubeIDE_2.1.1/STM32CubeIDE_1.19.0/STM32CubeIDE/plugins/com.st.stm32cube.ide.mcu.externaltools.gnu-tools-for-stm32.13.3.rel1.win32_1.0.0.202411081344/tools/bin/../lib/gcc/arm-none-eabi/13.3.1/../../../../arm-none-eabi/lib/thumb/v7-m/nofp\libc_nano.a(libc_a-mallocr.o)
 .debug_frame   0x00003674       0x30 D:/Program Files (x86)/STM32CubeIDE_2.1.1/STM32CubeIDE_1.19.0/STM32CubeIDE/plugins/com.st.stm32cube.ide.mcu.externaltools.gnu-tools-for-stm32.13.3.rel1.win32_1.0.0.202411081344/tools/bin/../lib/gcc/arm-none-eabi/13.3.1/../../../../arm-none-eabi/lib/thumb/v7-m/nofp\libc_nano.a(libc_a-mlock.o)
 .debug_frame   0x000036a4       0x78 D:/Program Files (x86)/STM32CubeIDE_2.1.1/STM32CubeIDE_1.19.0/STM32CubeIDE/plugins/com.st.stm32cube.ide.mcu.externaltools.gnu-tools-for-stm32.13.3.rel1.win32_1.0.0.202411081344/tools/bin/../lib/gcc/arm-none-eabi/13.3.1/../../../../arm-none-eabi/lib/thumb/v7-m/nofp\libc_nano.a(libc_a-nano-svfscanf.o)
 .debug_frame   0x0000371c       0x64 D:/Program Files (x86)/STM32CubeIDE_2.1.1/STM32CubeIDE_1.19.0/STM32CubeIDE/plugins/com.st.stm32cube.ide.mcu.externaltools.gnu-tools-for-stm32.13.3.rel1.win32_1.0.0.202411081344/tools/bin/../lib/gcc/arm-none-eabi/13.3.1/../../../../arm-none-eabi/lib/thumb/v7-m/nofp\libc_nano.a(libc_a-nano-vfscanf_i.o)
 .debug_frame   0x00003780       0x2c D:/Program Files (x86)/STM32CubeIDE_2.1.1/STM32CubeIDE_1.19.0/STM32CubeIDE/plugins/com.st.stm32cube.ide.mcu.externaltools.gnu-tools-for-stm32.13.3.rel1.win32_1.0.0.202411081344/tools/bin/../lib/gcc/arm-none-eabi/13.3.1/../../../../arm-none-eabi/lib/thumb/v7-m/nofp\libc_nano.a(libc_a-sccl.o)
 .debug_frame   0x000037ac       0x5c D:/Program Files (x86)/STM32CubeIDE_2.1.1/STM32CubeIDE_1.19.0/STM32CubeIDE/plugins/com.st.stm32cube.ide.mcu.externaltools.gnu-tools-for-stm32.13.3.rel1.win32_1.0.0.202411081344/tools/bin/../lib/gcc/arm-none-eabi/13.3.1/../../../../arm-none-eabi/lib/thumb/v7-m/nofp\libc_nano.a(libc_a-ungetc.o)
 .debug_frame   0x00003808       0x2c D:/Program Files (x86)/STM32CubeIDE_2.1.1/STM32CubeIDE_1.19.0/STM32CubeIDE/plugins/com.st.stm32cube.ide.mcu.externaltools.gnu-tools-for-stm32.13.3.rel1.win32_1.0.0.202411081344/tools/bin/../lib/gcc/arm-none-eabi/13.3.1/../../../../arm-none-eabi/lib/thumb/v7-m/nofp\libc_nano.a(libc_a-sbrkr.o)
 .debug_frame   0x00003834       0x28 D:/Program Files (x86)/STM32CubeIDE_2.1.1/STM32CubeIDE_1.19.0/STM32CubeIDE/plugins/com.st.stm32cube.ide.mcu.externaltools.gnu-tools-for-stm32.13.3.rel1.win32_1.0.0.202411081344/tools/bin/../lib/gcc/arm-none-eabi/13.3.1/../../../../arm-none-eabi/lib/thumb/v7-m/nofp\libc_nano.a(libc_a-memchr-stub.o)
 .debug_frame   0x0000385c       0x28 D:/Program Files (x86)/STM32CubeIDE_2.1.1/STM32CubeIDE_1.19.0/STM32CubeIDE/plugins/com.st.stm32cube.ide.mcu.externaltools.gnu-tools-for-stm32.13.3.rel1.win32_1.0.0.202411081344/tools/bin/../lib/gcc/arm-none-eabi/13.3.1/../../../../arm-none-eabi/lib/thumb/v7-m/nofp\libc_nano.a(libc_a-memcpy-stub.o)
 .debug_frame   0x00003884       0x3c D:/Program Files (x86)/STM32CubeIDE_2.1.1/STM32CubeIDE_1.19.0/STM32CubeIDE/plugins/com.st.stm32cube.ide.mcu.externaltools.gnu-tools-for-stm32.13.3.rel1.win32_1.0.0.202411081344/tools/bin/../lib/gcc/arm-none-eabi/13.3.1/../../../../arm-none-eabi/lib/thumb/v7-m/nofp\libc_nano.a(libc_a-reallocr.o)
 .debug_frame   0x000038c0       0x64 D:/Program Files (x86)/STM32CubeIDE_2.1.1/STM32CubeIDE_1.19.0/STM32CubeIDE/plugins/com.st.stm32cube.ide.mcu.externaltools.gnu-tools-for-stm32.13.3.rel1.win32_1.0.0.202411081344/tools/bin/../lib/gcc/arm-none-eabi/13.3.1/../../../../arm-none-eabi/lib/thumb/v7-m/nofp\libc_nano.a(libc_a-strtol.o)
 .debug_frame   0x00003924       0x64 D:/Program Files (x86)/STM32CubeIDE_2.1.1/STM32CubeIDE_1.19.0/STM32CubeIDE/plugins/com.st.stm32cube.ide.mcu.externaltools.gnu-tools-for-stm32.13.3.rel1.win32_1.0.0.202411081344/tools/bin/../lib/gcc/arm-none-eabi/13.3.1/../../../../arm-none-eabi/lib/thumb/v7-m/nofp\libc_nano.a(libc_a-strtoul.o)
 .debug_frame   0x00003988       0x20 D:/Program Files (x86)/STM32CubeIDE_2.1.1/STM32CubeIDE_1.19.0/STM32CubeIDE/plugins/com.st.stm32cube.ide.mcu.externaltools.gnu-tools-for-stm32.13.3.rel1.win32_1.0.0.202411081344/tools/bin/../lib/gcc/arm-none-eabi/13.3.1/../../../../arm-none-eabi/lib/thumb/v7-m/nofp\libc_nano.a(libc_a-msizer.o)
 .debug_frame   0x000039a8       0x4c D:/Program Files (x86)/STM32CubeIDE_2.1.1/STM32CubeIDE_1.19.0/STM32CubeIDE/plugins/com.st.stm32cube.ide.mcu.externaltools.gnu-tools-for-stm32.13.3.rel1.win32_1.0.0.202411081344/tools/bin/../lib/gcc/arm-none-eabi/13.3.1/thumb/v7-m/nofp\libgcc.a(_arm_addsubsf3.o)
 .debug_frame   0x000039f4       0x38 D:/Program Files (x86)/STM32CubeIDE_2.1.1/STM32CubeIDE_1.19.0/STM32CubeIDE/plugins/com.st.stm32cube.ide.mcu.externaltools.gnu-tools-for-stm32.13.3.rel1.win32_1.0.0.202411081344/tools/bin/../lib/gcc/arm-none-eabi/13.3.1/thumb/v7-m/nofp\libgcc.a(_arm_muldivsf3.o)
 .debug_frame   0x00003a2c       0xc8 D:/Program Files (x86)/STM32CubeIDE_2.1.1/STM32CubeIDE_1.19.0/STM32CubeIDE/plugins/com.st.stm32cube.ide.mcu.externaltools.gnu-tools-for-stm32.13.3.rel1.win32_1.0.0.202411081344/tools/bin/../lib/gcc/arm-none-eabi/13.3.1/thumb/v7-m/nofp\libgcc.a(_arm_cmpsf2.o)
 .debug_frame   0x00003af4       0x24 D:/Program Files (x86)/STM32CubeIDE_2.1.1/STM32CubeIDE_1.19.0/STM32CubeIDE/plugins/com.st.stm32cube.ide.mcu.externaltools.gnu-tools-for-stm32.13.3.rel1.win32_1.0.0.202411081344/tools/bin/../lib/gcc/arm-none-eabi/13.3.1/thumb/v7-m/nofp\libgcc.a(_arm_fixunssfsi.o)

.debug_line_str
                0x00000000       0x4a
 .debug_line_str
                0x00000000       0x4a ./Core/Startup/startup_stm32f103c8tx.o
